Component: ARM Compiler 6.14 Tool: armlink [5db06800]

==============================================================================

Section Cross References

    main.o(.text) refers (Special) to _printf_dec.o(.text) for _printf_int_dec
    main.o(.text) refers (Special) to _printf_percent.o(.ARM.Collect$$_printf_percent$$00000000) for _printf_percent
    main.o(.text) refers (Special) to _printf_u.o(.ARM.Collect$$_printf_percent$$0000000A) for _printf_u
    main.o(.text.main) refers (Special) to _printf_dec.o(.text) for _printf_int_dec
    main.o(.text.main) refers (Special) to _printf_percent.o(.ARM.Collect$$_printf_percent$$00000000) for _printf_percent
    main.o(.text.main) refers (Special) to _printf_u.o(.ARM.Collect$$_printf_percent$$0000000A) for _printf_u
    main.o(.text.main) refers to debug.o(.text.Uart_Config) for Uart_Config
    main.o(.text.main) refers to main.o(.text.Cauhinh_Gpio) for Cauhinh_Gpio
    main.o(.text.main) refers to main.o(.text.Cauhinh_DMA) for Cauhinh_DMA
    main.o(.text.main) refers to main.o(.text.Cauhinh_ADC1_Continuous_Mode) for Cauhinh_ADC1_Continuous_Mode
    main.o(.text.main) refers to main.o(.text.Cauhinh_NVIC) for Cauhinh_NVIC
    main.o(.text.main) refers to main.o(.bss.adc_value) for adc_value
    main.o(.text.main) refers to noretval__2printf.o(.text) for __2printf
    main.o(.text.main) refers to delay.o(.text.Delay_Sys) for Delay_Sys
    main.o(.ARM.exidx.text.main) refers (Special) to _printf_dec.o(.text) for _printf_int_dec
    main.o(.ARM.exidx.text.main) refers (Special) to _printf_percent.o(.ARM.Collect$$_printf_percent$$00000000) for _printf_percent
    main.o(.ARM.exidx.text.main) refers (Special) to _printf_u.o(.ARM.Collect$$_printf_percent$$0000000A) for _printf_u
    main.o(.ARM.exidx.text.main) refers to main.o(.text.main) for [Anonymous Symbol]
    main.o(.text.Cauhinh_Gpio) refers (Special) to _printf_dec.o(.text) for _printf_int_dec
    main.o(.text.Cauhinh_Gpio) refers (Special) to _printf_percent.o(.ARM.Collect$$_printf_percent$$00000000) for _printf_percent
    main.o(.text.Cauhinh_Gpio) refers (Special) to _printf_u.o(.ARM.Collect$$_printf_percent$$0000000A) for _printf_u
    main.o(.text.Cauhinh_Gpio) refers to gpio.o(.text.Gpio_Config) for Gpio_Config
    main.o(.ARM.exidx.text.Cauhinh_Gpio) refers (Special) to _printf_dec.o(.text) for _printf_int_dec
    main.o(.ARM.exidx.text.Cauhinh_Gpio) refers (Special) to _printf_percent.o(.ARM.Collect$$_printf_percent$$00000000) for _printf_percent
    main.o(.ARM.exidx.text.Cauhinh_Gpio) refers (Special) to _printf_u.o(.ARM.Collect$$_printf_percent$$0000000A) for _printf_u
    main.o(.ARM.exidx.text.Cauhinh_Gpio) refers to main.o(.text.Cauhinh_Gpio) for [Anonymous Symbol]
    main.o(.text.Cauhinh_DMA) refers (Special) to _printf_dec.o(.text) for _printf_int_dec
    main.o(.text.Cauhinh_DMA) refers (Special) to _printf_percent.o(.ARM.Collect$$_printf_percent$$00000000) for _printf_percent
    main.o(.text.Cauhinh_DMA) refers (Special) to _printf_u.o(.ARM.Collect$$_printf_percent$$0000000A) for _printf_u
    main.o(.text.Cauhinh_DMA) refers to main.o(.bss.adc_value) for adc_value
    main.o(.ARM.exidx.text.Cauhinh_DMA) refers (Special) to _printf_dec.o(.text) for _printf_int_dec
    main.o(.ARM.exidx.text.Cauhinh_DMA) refers (Special) to _printf_percent.o(.ARM.Collect$$_printf_percent$$00000000) for _printf_percent
    main.o(.ARM.exidx.text.Cauhinh_DMA) refers (Special) to _printf_u.o(.ARM.Collect$$_printf_percent$$0000000A) for _printf_u
    main.o(.ARM.exidx.text.Cauhinh_DMA) refers to main.o(.text.Cauhinh_DMA) for [Anonymous Symbol]
    main.o(.text.Cauhinh_ADC1_Continuous_Mode) refers (Special) to _printf_dec.o(.text) for _printf_int_dec
    main.o(.text.Cauhinh_ADC1_Continuous_Mode) refers (Special) to _printf_percent.o(.ARM.Collect$$_printf_percent$$00000000) for _printf_percent
    main.o(.text.Cauhinh_ADC1_Continuous_Mode) refers (Special) to _printf_u.o(.ARM.Collect$$_printf_percent$$0000000A) for _printf_u
    main.o(.text.Cauhinh_ADC1_Continuous_Mode) refers to delay.o(.text.Delay_Sys_us) for Delay_Sys_us
    main.o(.ARM.exidx.text.Cauhinh_ADC1_Continuous_Mode) refers (Special) to _printf_dec.o(.text) for _printf_int_dec
    main.o(.ARM.exidx.text.Cauhinh_ADC1_Continuous_Mode) refers (Special) to _printf_percent.o(.ARM.Collect$$_printf_percent$$00000000) for _printf_percent
    main.o(.ARM.exidx.text.Cauhinh_ADC1_Continuous_Mode) refers (Special) to _printf_u.o(.ARM.Collect$$_printf_percent$$0000000A) for _printf_u
    main.o(.ARM.exidx.text.Cauhinh_ADC1_Continuous_Mode) refers to main.o(.text.Cauhinh_ADC1_Continuous_Mode) for [Anonymous Symbol]
    main.o(.text.Cauhinh_NVIC) refers (Special) to _printf_dec.o(.text) for _printf_int_dec
    main.o(.text.Cauhinh_NVIC) refers (Special) to _printf_percent.o(.ARM.Collect$$_printf_percent$$00000000) for _printf_percent
    main.o(.text.Cauhinh_NVIC) refers (Special) to _printf_u.o(.ARM.Collect$$_printf_percent$$0000000A) for _printf_u
[...]
    libinit.o(.ARM.Collect$$libinit$$00000000) refers (Special) to libinit2.o(.ARM.Collect$$libinit$$0000001F) for __rt_lib_init_fp_trap_1
    libinit.o(.ARM.Collect$$libinit$$00000000) refers (Special) to libinit2.o(.ARM.Collect$$libinit$$00000023) for __rt_lib_init_getenv_1
    libinit.o(.ARM.Collect$$libinit$$00000000) refers (Special) to libinit2.o(.ARM.Collect$$libinit$$0000000A) for __rt_lib_init_heap_1
    libinit.o(.ARM.Collect$$libinit$$00000000) refers (Special) to libinit2.o(.ARM.Collect$$libinit$$00000011) for __rt_lib_init_lc_collate_1
    libinit.o(.ARM.Collect$$libinit$$00000000) refers (Special) to libinit2.o(.ARM.Collect$$libinit$$00000013) for __rt_lib_init_lc_ctype_1
    libinit.o(.ARM.Collect$$libinit$$00000000) refers (Special) to libinit2.o(.ARM.Collect$$libinit$$00000015) for __rt_lib_init_lc_monetary_1
    libinit.o(.ARM.Collect$$libinit$$00000000) refers (Special) to libinit2.o(.ARM.Collect$$libinit$$00000017) for __rt_lib_init_lc_numeric_1
    libinit.o(.ARM.Collect$$libinit$$00000000) refers (Special) to libinit2.o(.ARM.Collect$$libinit$$00000019) for __rt_lib_init_lc_time_1
    libinit.o(.ARM.Collect$$libinit$$00000000) refers (Special) to libinit2.o(.ARM.Collect$$libinit$$00000004) for __rt_lib_init_preinit_1
    libinit.o(.ARM.Collect$$libinit$$00000000) refers (Special) to libinit2.o(.ARM.Collect$$libinit$$0000000E) for __rt_lib_init_rand_1
    libinit.o(.ARM.Collect$$libinit$$00000000) refers (Special) to libinit2.o(.ARM.Collect$$libinit$$00000033) for __rt_lib_init_return
    libinit.o(.ARM.Collect$$libinit$$00000000) refers (Special) to libinit2.o(.ARM.Collect$$libinit$$0000001D) for __rt_lib_init_signal_1
    libinit.o(.ARM.Collect$$libinit$$00000000) refers (Special) to libinit2.o(.ARM.Collect$$libinit$$00000025) for __rt_lib_init_stdio_1
    libinit.o(.ARM.Collect$$libinit$$00000000) refers (Special) to libinit2.o(.ARM.Collect$$libinit$$0000000C) for __rt_lib_init_user_alloc_1
    libspace.o(.text) refers to libspace.o(.bss) for __libspace_start
    rtexit.o(.ARM.Collect$$rtexit$$00000000) refers (Special) to rtexit2.o(.ARM.Collect$$rtexit$$00000004) for __rt_exit_exit
    rtexit.o(.ARM.Collect$$rtexit$$00000000) refers (Special) to rtexit2.o(.ARM.Collect$$rtexit$$00000003) for __rt_exit_ls
    rtexit.o(.ARM.Collect$$rtexit$$00000000) refers (Special) to rtexit2.o(.ARM.Collect$$rtexit$$00000002) for __rt_exit_prels_1
    rtexit.o(.ARM.exidx) refers (Special) to rtexit2.o(.ARM.Collect$$rtexit$$00000004) for __rt_exit_exit
    rtexit.o(.ARM.exidx) refers (Special) to rtexit2.o(.ARM.Collect$$rtexit$$00000003) for __rt_exit_ls
    rtexit.o(.ARM.exidx) refers (Special) to rtexit2.o(.ARM.Collect$$rtexit$$00000002) for __rt_exit_prels_1
    rtexit.o(.ARM.exidx) refers to rtexit.o(.ARM.Collect$$rtexit$$00000000) for .ARM.Collect$$rtexit$$00000000
    libinit2.o(.ARM.Collect$$libinit$$00000010) refers to libinit2.o(.ARM.Collect$$libinit$$0000000F) for .ARM.Collect$$libinit$$0000000F
    libinit2.o(.ARM.Collect$$libinit$$00000012) refers to libinit2.o(.ARM.Collect$$libinit$$0000000F) for .ARM.Collect$$libinit$$0000000F
    libinit2.o(.ARM.Collect$$libinit$$00000014) refers to libinit2.o(.ARM.Collect$$libinit$$0000000F) for .ARM.Collect$$libinit$$0000000F
    libinit2.o(.ARM.Collect$$libinit$$00000016) refers to libinit2.o(.ARM.Collect$$libinit$$0000000F) for .ARM.Collect$$libinit$$0000000F
    libinit2.o(.ARM.Collect$$libinit$$00000018) refers to libinit2.o(.ARM.Collect$$libinit$$0000000F) for .ARM.Collect$$libinit$$0000000F
    libinit2.o(.ARM.Collect$$libinit$$00000026) refers to argv_veneer.o(.emb_text) for __ARM_argv_veneer
    libinit2.o(.ARM.Collect$$libinit$$00000027) refers to argv_veneer.o(.emb_text) for __ARM_argv_veneer
    rtexit2.o(.ARM.Collect$$rtexit$$00000003) refers to libshutdown.o(.ARM.Collect$$libshutdown$$00000000) for __rt_lib_shutdown
    rtexit2.o(.ARM.Collect$$rtexit$$00000004) refers to sys_exit.o(.text) for _sys_exit
    rtexit2.o(.ARM.exidx) refers to rtexit2.o(.ARM.Collect$$rtexit$$00000001) for .ARM.Collect$$rtexit$$00000001
    rtexit2.o(.ARM.exidx) refers to rtexit2.o(.ARM.Collect$$rtexit$$00000003) for .ARM.Collect$$rtexit$$00000003
    rtexit2.o(.ARM.exidx) refers to rtexit2.o(.ARM.Collect$$rtexit$$00000004) for .ARM.Collect$$rtexit$$00000004
    argv_veneer.o(.emb_text) refers to no_argv.o(.text) for __ARM_get_argv
    sys_exit.o(.text) refers (Special) to use_no_semi.o(.text) for __I$use$semihosting
    sys_exit.o(.text) refers (Special) to indicate_semi.o(.text) for __semihosting_library_function
    sys_exit_hlt.o(.text) refers (Special) to use_no_semi.o(.text) for __I$use$semihosting
    sys_exit_hlt.o(.text) refers (Special) to indicate_semi.o(.text) for __semihosting_library_function
    _get_argv_nomalloc.o(.text) refers (Special) to hrguard.o(.text) for __heap_region$guard
    _get_argv_nomalloc.o(.text) refers to defsig_rtmem_outer.o(.text) for __rt_SIGRTMEM
    _get_argv_nomalloc.o(.text) refers to sys_command.o(.text) for _sys_command_string
    libshutdown.o(.ARM.Collect$$libshutdown$$00000000) refers (Special) to libshutdown2.o(.ARM.Collect$$libshutdown$$00000002) for __rt_lib_shutdown_cpp_1
    libshutdown.o(.ARM.Collect$$libshutdown$$00000000) refers (Special) to libshutdown2.o(.ARM.Collect$$libshutdown$$00000007) for __rt_lib_shutdown_fp_trap_1
    libshutdown.o(.ARM.Collect$$libshutdown$$00000000) refers (Special) to libshutdown2.o(.ARM.Collect$$libshutdown$$0000000F) for __rt_lib_shutdown_heap_1
    libshutdown.o(.ARM.Collect$$libshutdown$$00000000) refers (Special) to libshutdown2.o(.ARM.Collect$$libshutdown$$00000010) for __rt_lib_shutdown_return
    libshutdown.o(.ARM.Collect$$libshutdown$$00000000) refers (Special) to libshutdown2.o(.ARM.Collect$$libshutdown$$0000000A) for __rt_lib_shutdown_signal_1
    libshutdown.o(.ARM.Collect$$libshutdown$$00000000) refers (Special) to libshutdown2.o(.ARM.Collect$$libshutdown$$00000004) for __rt_lib_shutdown_stdio_1
    libshutdown.o(.ARM.Collect$$libshutdown$$00000000) refers (Special) to libshutdown2.o(.ARM.Collect$$libshutdown$$0000000C) for __rt_lib_shutdown_user_alloc_1
    sys_command.o(.text) refers (Special) to use_no_semi.o(.text) for __I$use$semihosting
    sys_command.o(.text) refers (Special) to indicate_semi.o(.text) for __semihosting_library_function
    sys_command_hlt.o(.text) refers (Special) to use_no_semi.o(.text) for __I$use$semihosting
    sys_command_hlt.o(.text) refers (Special) to indicate_semi.o(.text) for __semihosting_library_function
    defsig_rtmem_outer.o(.text) refers to defsig_rtmem_inner.o(.text) for __rt_SIGRTMEM_inner
    defsig_rtmem_outer.o(.text) refers to defsig_exit.o(.text) for __sig_exit
    defsig_rtmem_formal.o(.text) refers to rt_raise.o(.text) for __rt_raise
    rt_raise.o(.text) refers to __raise.o(.text) for __raise
    rt_raise.o(.text) refers to sys_exit.o(.text) for _sys_exit
    defsig_exit.o(.text) refers to sys_exit.o(.text) for _sys_exit
    defsig_rtmem_inner.o(.text) refers to defsig_general.o(.text) for __default_signal_display
    __raise.o(.text) refers to defsig.o(CL$$defsig) for __default_signal_handler
    defsig_general.o(.text) refers to sys_wrch.o(.text) for _ttywrch
    sys_wrch.o(.text) refers (Special) to use_no_semi.o(.text) for __I$use$semihosting
    sys_wrch.o(.text) refers (Special) to indicate_semi.o(.text) for __semihosting_library_function
    sys_wrch_hlt.o(.text) refers (Special) to use_no_semi.o(.text) for __I$use$semihosting
    sys_wrch_hlt.o(.text) refers (Special) to indicate_semi.o(.text) for __semihosting_library_function
    defsig.o(CL$$defsig) refers to defsig_rtmem_inner.o(.text) for __rt_SIGRTMEM_inner
    defsig_abrt_inner.o(.text) refers to defsig_general.o(.text) for __default_signal_display
    defsig_fpe_inner.o(.text) refers to defsig_general.o(.text) for __default_signal_display
    defsig_rtred_inner.o(.text) refers to defsig_general.o(.text) for __default_signal_display
    defsig_stak_inner.o(.text) refers to defsig_general.o(.text) for __default_signal_display
    defsig_pvfn_inner.o(.text) refers to defsig_general.o(.text) for __default_signal_display
    defsig_cppl_inner.o(.text) refers to defsig_general.o(.text) for __default_signal_display
    defsig_segv_inner.o(.text) refers to defsig_general.o(.text) for __default_signal_display
    defsig_other.o(.text) refers to defsig_general.o(.text) for __default_signal_display


==============================================================================

Removing Unused input sections from the image.

    Removing main.o(.text), (0 bytes).
    Removing main.o(.ARM.exidx.text.main), (8 bytes).
    Removing main.o(.ARM.exidx.text.Cauhinh_Gpio), (8 bytes).
    Removing main.o(.ARM.exidx.text.Cauhinh_DMA), (8 bytes).
    Removing main.o(.ARM.exidx.text.Cauhinh_ADC1_Continuous_Mode), (8 bytes).
    Removing main.o(.ARM.exidx.text.Cauhinh_NVIC), (8 bytes).
    Removing main.o(.text.Cauhinh_ADC1_Single_Mode), (128 bytes).
    Removing main.o(.ARM.exidx.text.Cauhinh_ADC1_Single_Mode), (8 bytes).
    Removing main.o(.text.ADC1_Single_Mode_Start), (38 bytes).
    Removing main.o(.ARM.exidx.text.ADC1_Single_Mode_Start), (8 bytes).
    Removing main.o(.ARM.exidx.text.ADC1_2_IRQHandler), (8 bytes).
    Removing main.o(.ARM.use_no_argv), (4 bytes).
    Removing debug.o(.text), (0 bytes).
    Removing debug.o(.ARM.exidx.text.fputc), (8 bytes).
    Removing debug.o(.ARM.exidx.text.SendChar), (8 bytes).
    Removing debug.o(.ARM.exidx.text.Uart_Config), (8 bytes).
    Removing debug.o(.text.SendString), (28 bytes).
    Removing debug.o(.ARM.exidx.text.SendString), (8 bytes).
    Removing delay.o(.text), (0 bytes).
    Removing delay.o(.ARM.exidx.text.Delay_Sys), (8 bytes).
    Removing delay.o(.ARM.exidx.text.Delay_Sys_us), (8 bytes).
    Removing gpio.o(.text), (0 bytes).
    Removing gpio.o(.ARM.exidx.text.Gpio_Config), (8 bytes).
    Removing misc.o(.text), (0 bytes).
    Removing misc.o(.ARM.exidx.text.NVIC_PriorityGroupConfig), (8 bytes).
    Removing misc.o(.ARM.exidx.text.NVIC_Init), (8 bytes).
    Removing misc.o(.text.NVIC_SetVectorTable), (24 bytes).
    Removing misc.o(.ARM.exidx.text.NVIC_SetVectorTable), (8 bytes).
    Removing misc.o(.text.NVIC_SystemLPConfig), (24 bytes).
    Removing misc.o(.ARM.exidx.text.NVIC_SystemLPConfig), (8 bytes).
    Removing misc.o(.text.SysTick_CLKSourceConfig), (26 bytes).
    Removing misc.o(.ARM.exidx.text.SysTick_CLKSourceConfig), (8 bytes).
    Removing stm32f10x_adc.o(.text), (0 bytes).
    Removing stm32f10x_adc.o(.text.ADC_DeInit), (74 bytes).
    Removing stm32f10x_adc.o(.ARM.exidx.text.ADC_DeInit), (8 bytes).
    Removing stm32f10x_adc.o(.text.ADC_Init), (84 bytes).
    Removing stm32f10x_adc.o(.ARM.exidx.text.ADC_Init), (8 bytes).
    Removing stm32f10x_adc.o(.text.ADC_StructInit), (16 bytes).
    Removing stm32f10x_adc.o(.ARM.exidx.text.ADC_StructInit), (8 bytes).
    Removing stm32f10x_adc.o(.text.ADC_Cmd), (18 bytes).
    Removing stm32f10x_adc.o(.ARM.exidx.text.ADC_Cmd), (8 bytes).
    Removing stm32f10x_adc.o(.text.ADC_DMACmd), (18 bytes).
    Removing stm32f10x_adc.o(.ARM.exidx.text.ADC_DMACmd), (8 bytes).
    Removing stm32f10x_adc.o(.text.ADC_ITConfig), (18 bytes).
    Removing stm32f10x_adc.o(.ARM.exidx.text.ADC_ITConfig), (8 bytes).
    Removing stm32f10x_adc.o(.text.ADC_ResetCalibration), (10 bytes).
    Removing stm32f10x_adc.o(.ARM.exidx.text.ADC_ResetCalibration), (8 bytes).
    Removing stm32f10x_adc.o(.text.ADC_GetResetCalibrationStatus), (8 bytes).
    Removing stm32f10x_adc.o(.ARM.exidx.text.ADC_GetResetCalibrationStatus), (8 bytes).
    Removing stm32f10x_adc.o(.text.ADC_StartCalibration), (10 bytes).
    Removing stm32f10x_adc.o(.ARM.exidx.text.ADC_StartCalibration), (8 bytes).
    Removing stm32f10x_adc.o(.text.ADC_GetCalibrationStatus), (8 bytes).
    Removing stm32f10x_adc.o(.ARM.exidx.text.ADC_GetCalibrationStatus), (8 bytes).
    Removing stm32f10x_adc.o(.text.ADC_SoftwareStartConvCmd), (18 bytes).
    Removing stm32f10x_adc.o(.ARM.exidx.text.ADC_SoftwareStartConvCmd), (8 bytes).
    Removing stm32f10x_adc.o(.text.ADC_GetSoftwareStartConvStatus), (8 bytes).
    Removing stm32f10x_adc.o(.ARM.exidx.text.ADC_GetSoftwareStartConvStatus), (8 bytes).
    Removing stm32f10x_adc.o(.text.ADC_DiscModeChannelCountConfig), (24 bytes).
    Removing stm32f10x_adc.o(.ARM.exidx.text.ADC_DiscModeChannelCountConfig), (8 bytes).
    Removing stm32f10x_adc.o(.text.ADC_DiscModeCmd), (18 bytes).
    Removing stm32f10x_adc.o(.ARM.exidx.text.ADC_DiscModeCmd), (8 bytes).
    Removing stm32f10x_adc.o(.text.ADC_RegularChannelConfig), (98 bytes).
    Removing stm32f10x_adc.o(.ARM.exidx.text.ADC_RegularChannelConfig), (8 bytes).
    Removing stm32f10x_adc.o(.text.ADC_ExternalTrigConvCmd), (18 bytes).
    Removing stm32f10x_adc.o(.ARM.exidx.text.ADC_ExternalTrigConvCmd), (8 bytes).
    Removing stm32f10x_adc.o(.text.ADC_GetConversionValue), (6 bytes).
    Removing stm32f10x_adc.o(.ARM.exidx.text.ADC_GetConversionValue), (8 bytes).
    Removing stm32f10x_adc.o(.text.ADC_GetDualModeConversionValue), (12 bytes).
    Removing stm32f10x_adc.o(.ARM.exidx.text.ADC_GetDualModeConversionValue), (8 bytes).
    Removing stm32f10x_adc.o(.text.ADC_AutoInjectedConvCmd), (18 bytes).
    Removing stm32f10x_adc.o(.ARM.exidx.text.ADC_AutoInjectedConvCmd), (8 bytes).
    Removing stm32f10x_adc.o(.text.ADC_InjectedDiscModeCmd), (18 bytes).
    Removing stm32f10x_adc.o(.ARM.exidx.text.ADC_InjectedDiscModeCmd), (8 bytes).
    Removing stm32f10x_adc.o(.text.ADC_ExternalTrigInjectedConvConfig), (12 bytes).
    Removing stm32f10x_adc.o(.ARM.exidx.text.ADC_ExternalTrigInjectedConvConfig), (8 bytes).
    Removing stm32f10x_adc.o(.text.ADC_ExternalTrigInjectedConvCmd), (18 bytes).
    Removing stm32f10x_adc.o(.ARM.exidx.text.ADC_ExternalTrigInjectedConvCmd), (8 bytes).
    Removing stm32f10x_adc.o(.text.ADC_SoftwareStartInjectedConvCmd), (18 bytes).
    Removing stm32f10x_adc.o(.ARM.exidx.text.ADC_SoftwareStartInjectedConvCmd), (8 bytes).
    Removing stm32f10x_adc.o(.text.ADC_GetSoftwareStartInjectedConvCmdStatus), (8 bytes).
    Removing stm32f10x_adc.o(.ARM.exidx.text.ADC_GetSoftwareStartInjectedConvCmdStatus), (8 bytes).
    Removing stm32f10x_adc.o(.text.ADC_InjectedChannelConfig), (78 bytes).
    Removing stm32f10x_adc.o(.ARM.exidx.text.ADC_InjectedChannelConfig), (8 bytes).
    Removing stm32f10x_adc.o(.text.ADC_InjectedSequencerLengthConfig), (22 bytes).
    Removing stm32f10x_adc.o(.ARM.exidx.text.ADC_InjectedSequencerLengthConfig), (8 bytes).
    Removing stm32f10x_adc.o(.text.ADC_SetInjectedOffset), (22 bytes).
    Removing stm32f10x_adc.o(.ARM.exidx.text.ADC_SetInjectedOffset), (8 bytes).
    Removing stm32f10x_adc.o(.text.ADC_GetInjectedConversionValue), (26 bytes).
    Removing stm32f10x_adc.o(.ARM.exidx.text.ADC_GetInjectedConversionValue), (8 bytes).
    Removing stm32f10x_adc.o(.text.ADC_AnalogWatchdogCmd), (18 bytes).
    Removing stm32f10x_adc.o(.ARM.exidx.text.ADC_AnalogWatchdogCmd), (8 bytes).
    Removing stm32f10x_adc.o(.text.ADC_AnalogWatchdogThresholdsConfig), (6 bytes).
    Removing stm32f10x_adc.o(.ARM.exidx.text.ADC_AnalogWatchdogThresholdsConfig), (8 bytes).
    Removing stm32f10x_adc.o(.text.ADC_AnalogWatchdogSingleChannelConfig), (12 bytes).
    Removing stm32f10x_adc.o(.ARM.exidx.text.ADC_AnalogWatchdogSingleChannelConfig), (8 bytes).
    Removing stm32f10x_adc.o(.text.ADC_TempSensorVrefintCmd), (26 bytes).
    Removing stm32f10x_adc.o(.ARM.exidx.text.ADC_TempSensorVrefintCmd), (8 bytes).
    Removing stm32f10x_adc.o(.text.ADC_GetFlagStatus), (10 bytes).
    Removing stm32f10x_adc.o(.ARM.exidx.text.ADC_GetFlagStatus), (8 bytes).
    Removing stm32f10x_adc.o(.text.ADC_ClearFlag), (6 bytes).
    Removing stm32f10x_adc.o(.ARM.exidx.text.ADC_ClearFlag), (8 bytes).
    Removing stm32f10x_adc.o(.text.ADC_GetITStatus), (28 bytes).
    Removing stm32f10x_adc.o(.ARM.exidx.text.ADC_GetITStatus), (8 bytes).
    Removing stm32f10x_adc.o(.text.ADC_ClearITPendingBit), (8 bytes).
    Removing stm32f10x_adc.o(.ARM.exidx.text.ADC_ClearITPendingBit), (8 bytes).
    Removing stm32f10x_dma.o(.text), (0 bytes).
    Removing stm32f10x_dma.o(.text.DMA_DeInit), (268 bytes).
    Removing stm32f10x_dma.o(.ARM.exidx.text.DMA_DeInit), (8 bytes).
    Removing stm32f10x_dma.o(.text.DMA_Init), (72 bytes).
    Removing stm32f10x_dma.o(.ARM.exidx.text.DMA_Init), (8 bytes).
    Removing stm32f10x_dma.o(.text.DMA_StructInit), (10 bytes).
    Removing stm32f10x_dma.o(.ARM.exidx.text.DMA_StructInit), (8 bytes).
    Removing stm32f10x_dma.o(.text.DMA_Cmd), (22 bytes).
    Removing stm32f10x_dma.o(.ARM.exidx.text.DMA_Cmd), (8 bytes).
    Removing stm32f10x_dma.o(.text.DMA_ITConfig), (16 bytes).
    Removing stm32f10x_dma.o(.ARM.exidx.text.DMA_ITConfig), (8 bytes).
    Removing stm32f10x_dma.o(.text.DMA_SetCurrDataCounter), (4 bytes).
    Removing stm32f10x_dma.o(.ARM.exidx.text.DMA_SetCurrDataCounter), (8 bytes).
    Removing stm32f10x_dma.o(.text.DMA_GetCurrDataCounter), (6 bytes).
    Removing stm32f10x_dma.o(.ARM.exidx.text.DMA_GetCurrDataCounter), (8 bytes).
    Removing stm32f10x_dma.o(.text.DMA_GetFlagStatus), (22 bytes).
    Removing stm32f10x_dma.o(.ARM.exidx.text.DMA_GetFlagStatus), (8 bytes).
    Removing stm32f10x_dma.o(.text.DMA_ClearFlag), (16 bytes).
    Removing stm32f10x_dma.o(.ARM.exidx.text.DMA_ClearFlag), (8 bytes).
    Removing stm32f10x_dma.o(.text.DMA_GetITStatus), (22 bytes).
    Removing stm32f10x_dma.o(.ARM.exidx.text.DMA_GetITStatus), (8 bytes).
    Removing stm32f10x_dma.o(.text.DMA_ClearITPendingBit), (16 bytes).
    Removing stm32f10x_dma.o(.ARM.exidx.text.DMA_ClearITPendingBit), (8 bytes).
    Removing stm32f10x_gpio.o(.text), (0 bytes).
    Removing stm32f10x_gpio.o(.text.GPIO_DeInit), (76 bytes).
    Removing stm32f10x_gpio.o(.ARM.exidx.text.GPIO_DeInit), (8 bytes).
    Removing stm32f10x_gpio.o(.text.GPIO_AFIODeInit), (20 bytes).
    Removing stm32f10x_gpio.o(.ARM.exidx.text.GPIO_AFIODeInit), (8 bytes).
    Removing stm32f10x_gpio.o(.ARM.exidx.text.GPIO_Init), (8 bytes).
    Removing stm32f10x_gpio.o(.text.GPIO_StructInit), (12 bytes).
    Removing stm32f10x_gpio.o(.ARM.exidx.text.GPIO_StructInit), (8 bytes).
    Removing stm32f10x_gpio.o(.text.GPIO_ReadInputDataBit), (10 bytes).
    Removing stm32f10x_gpio.o(.ARM.exidx.text.GPIO_ReadInputDataBit), (8 bytes).
    Removing stm32f10x_gpio.o(.text.GPIO_ReadInputData), (6 bytes).
    Removing stm32f10x_gpio.o(.ARM.exidx.text.GPIO_ReadInputData), (8 bytes).
    Removing stm32f10x_gpio.o(.text.GPIO_ReadOutputDataBit), (10 bytes).
    Removing stm32f10x_gpio.o(.ARM.exidx.text.GPIO_ReadOutputDataBit), (8 bytes).
    Removing stm32f10x_gpio.o(.text.GPIO_ReadOutputData), (6 bytes).
    Removing stm32f10x_gpio.o(.ARM.exidx.text.GPIO_ReadOutputData), (8 bytes).
    Removing stm32f10x_gpio.o(.text.GPIO_SetBits), (4 bytes).
    Removing stm32f10x_gpio.o(.ARM.exidx.text.GPIO_SetBits), (8 bytes).
    Removing stm32f10x_gpio.o(.text.GPIO_ResetBits), (4 bytes).
    Removing stm32f10x_gpio.o(.ARM.exidx.text.GPIO_ResetBits), (8 bytes).
    Removing stm32f10x_gpio.o(.text.GPIO_WriteBit), (12 bytes).
    Removing stm32f10x_gpio.o(.ARM.exidx.text.GPIO_WriteBit), (8 bytes).
    Removing stm32f10x_gpio.o(.text.GPIO_Write), (4 bytes).
    Removing stm32f10x_gpio.o(.ARM.exidx.text.GPIO_Write), (8 bytes).
    Removing stm32f10x_gpio.o(.text.GPIO_PinLockConfig), (16 bytes).
    Removing stm32f10x_gpio.o(.ARM.exidx.text.GPIO_PinLockConfig), (8 bytes).
    Removing stm32f10x_gpio.o(.text.GPIO_EventOutputConfig), (30 bytes).
    Removing stm32f10x_gpio.o(.ARM.exidx.text.GPIO_EventOutputConfig), (8 bytes).
    Removing stm32f10x_gpio.o(.text.GPIO_EventOutputCmd), (10 bytes).
    Removing stm32f10x_gpio.o(.ARM.exidx.text.GPIO_EventOutputCmd), (8 bytes).
    Removing stm32f10x_gpio.o(.ARM.exidx.text.GPIO_PinRemapConfig), (8 bytes).
    Removing stm32f10x_gpio.o(.text.GPIO_EXTILineConfig), (46 bytes).
    Removing stm32f10x_gpio.o(.ARM.exidx.text.GPIO_EXTILineConfig), (8 bytes).
    Removing stm32f10x_gpio.o(.text.GPIO_ETH_MediaInterfaceConfig), (10 bytes).
    Removing stm32f10x_gpio.o(.ARM.exidx.text.GPIO_ETH_MediaInterfaceConfig), (8 bytes).
    Removing stm32f10x_rcc.o(.text), (0 bytes).
    Removing stm32f10x_rcc.o(.text.RCC_DeInit), (66 bytes).
    Removing stm32f10x_rcc.o(.ARM.exidx.text.RCC_DeInit), (8 bytes).
    Removing stm32f10x_rcc.o(.text.RCC_HSEConfig), (50 bytes).
    Removing stm32f10x_rcc.o(.ARM.exidx.text.RCC_HSEConfig), (8 bytes).
    Removing stm32f10x_rcc.o(.text.RCC_WaitForHSEStartUp), (48 bytes).
    Removing stm32f10x_rcc.o(.ARM.exidx.text.RCC_WaitForHSEStartUp), (8 bytes).
    Removing stm32f10x_rcc.o(.text.RCC_GetFlagStatus), (42 bytes).
    Removing stm32f10x_rcc.o(.ARM.exidx.text.RCC_GetFlagStatus), (8 bytes).
    Removing stm32f10x_rcc.o(.text.RCC_AdjustHSICalibrationValue), (22 bytes).
    Removing stm32f10x_rcc.o(.ARM.exidx.text.RCC_AdjustHSICalibrationValue), (8 bytes).
    Removing stm32f10x_rcc.o(.text.RCC_HSICmd), (10 bytes).
    Removing stm32f10x_rcc.o(.ARM.exidx.text.RCC_HSICmd), (8 bytes).
    Removing stm32f10x_rcc.o(.text.RCC_PLLConfig), (22 bytes).
    Removing stm32f10x_rcc.o(.ARM.exidx.text.RCC_PLLConfig), (8 bytes).
    Removing stm32f10x_rcc.o(.text.RCC_PLLCmd), (10 bytes).
    Removing stm32f10x_rcc.o(.ARM.exidx.text.RCC_PLLCmd), (8 bytes).
    Removing stm32f10x_rcc.o(.text.RCC_SYSCLKConfig), (20 bytes).
    Removing stm32f10x_rcc.o(.ARM.exidx.text.RCC_SYSCLKConfig), (8 bytes).
    Removing stm32f10x_rcc.o(.text.RCC_GetSYSCLKSource), (16 bytes).
    Removing stm32f10x_rcc.o(.ARM.exidx.text.RCC_GetSYSCLKSource), (8 bytes).
    Removing stm32f10x_rcc.o(.text.RCC_HCLKConfig), (20 bytes).
    Removing stm32f10x_rcc.o(.ARM.exidx.text.RCC_HCLKConfig), (8 bytes).
    Removing stm32f10x_rcc.o(.text.RCC_PCLK1Config), (20 bytes).
    Removing stm32f10x_rcc.o(.ARM.exidx.text.RCC_PCLK1Config), (8 bytes).
    Removing stm32f10x_rcc.o(.text.RCC_PCLK2Config), (22 bytes).
    Removing stm32f10x_rcc.o(.ARM.exidx.text.RCC_PCLK2Config), (8 bytes).
    Removing stm32f10x_rcc.o(.text.RCC_ITConfig), (24 bytes).
    Removing stm32f10x_rcc.o(.ARM.exidx.text.RCC_ITConfig), (8 bytes).
    Removing stm32f10x_rcc.o(.text.RCC_USBCLKConfig), (10 bytes).
    Removing stm32f10x_rcc.o(.ARM.exidx.text.RCC_USBCLKConfig), (8 bytes).
    Removing stm32f10x_rcc.o(.text.RCC_ADCCLKConfig), (20 bytes).
    Removing stm32f10x_rcc.o(.ARM.exidx.text.RCC_ADCCLKConfig), (8 bytes).
    Removing stm32f10x_rcc.o(.text.RCC_LSEConfig), (30 bytes).
    Removing stm32f10x_rcc.o(.ARM.exidx.text.RCC_LSEConfig), (8 bytes).
    Removing stm32f10x_rcc.o(.text.RCC_LSICmd), (12 bytes).
    Removing stm32f10x_rcc.o(.ARM.exidx.text.RCC_LSICmd), (8 bytes).
    Removing stm32f10x_rcc.o(.text.RCC_RTCCLKConfig), (16 bytes).
    Removing stm32f10x_rcc.o(.ARM.exidx.text.RCC_RTCCLKConfig), (8 bytes).
    Removing stm32f10x_rcc.o(.text.RCC_RTCCLKCmd), (12 bytes).
    Removing stm32f10x_rcc.o(.ARM.exidx.text.RCC_RTCCLKCmd), (8 bytes).
    Removing stm32f10x_rcc.o(.ARM.exidx.text.RCC_GetClocksFreq), (8 bytes).
    Removing stm32f10x_rcc.o(.text.RCC_AHBPeriphClockCmd), (24 bytes).
    Removing stm32f10x_rcc.o(.ARM.exidx.text.RCC_AHBPeriphClockCmd), (8 bytes).
    Removing stm32f10x_rcc.o(.ARM.exidx.text.RCC_APB2PeriphClockCmd), (8 bytes).
    Removing stm32f10x_rcc.o(.text.RCC_APB1PeriphClockCmd), (24 bytes).
    Removing stm32f10x_rcc.o(.ARM.exidx.text.RCC_APB1PeriphClockCmd), (8 bytes).
    Removing stm32f10x_rcc.o(.text.RCC_APB2PeriphResetCmd), (24 bytes).
    Removing stm32f10x_rcc.o(.ARM.exidx.text.RCC_APB2PeriphResetCmd), (8 bytes).
    Removing stm32f10x_rcc.o(.text.RCC_APB1PeriphResetCmd), (24 bytes).
    Removing stm32f10x_rcc.o(.ARM.exidx.text.RCC_APB1PeriphResetCmd), (8 bytes).
    Removing stm32f10x_rcc.o(.text.RCC_BackupResetCmd), (12 bytes).
    Removing stm32f10x_rcc.o(.ARM.exidx.text.RCC_BackupResetCmd), (8 bytes).
    Removing stm32f10x_rcc.o(.text.RCC_ClockSecuritySystemCmd), (10 bytes).
    Removing stm32f10x_rcc.o(.ARM.exidx.text.RCC_ClockSecuritySystemCmd), (8 bytes).
    Removing stm32f10x_rcc.o(.text.RCC_MCOConfig), (12 bytes).
    Removing stm32f10x_rcc.o(.ARM.exidx.text.RCC_MCOConfig), (8 bytes).
    Removing stm32f10x_rcc.o(.text.RCC_ClearFlag), (18 bytes).
    Removing stm32f10x_rcc.o(.ARM.exidx.text.RCC_ClearFlag), (8 bytes).
    Removing stm32f10x_rcc.o(.text.RCC_GetITStatus), (18 bytes).
    Removing stm32f10x_rcc.o(.ARM.exidx.text.RCC_GetITStatus), (8 bytes).
    Removing stm32f10x_rcc.o(.text.RCC_ClearITPendingBit), (12 bytes).
    Removing stm32f10x_rcc.o(.ARM.exidx.text.RCC_ClearITPendingBit), (8 bytes).
    Removing stm32f10x_usart.o(.text), (0 bytes).
    Removing stm32f10x_usart.o(.text.USART_DeInit), (174 bytes).
    Removing stm32f10x_usart.o(.ARM.exidx.text.USART_DeInit), (8 bytes).
    Removing stm32f10x_usart.o(.ARM.exidx.text.USART_Init), (8 bytes).
    Removing stm32f10x_usart.o(.text.USART_StructInit), (20 bytes).
    Removing stm32f10x_usart.o(.ARM.exidx.text.USART_StructInit), (8 bytes).
    Removing stm32f10x_usart.o(.text.USART_ClockInit), (34 bytes).
    Removing stm32f10x_usart.o(.ARM.exidx.text.USART_ClockInit), (8 bytes).
    Removing stm32f10x_usart.o(.text.USART_ClockStructInit), (8 bytes).
    Removing stm32f10x_usart.o(.ARM.exidx.text.USART_ClockStructInit), (8 bytes).
    Removing stm32f10x_usart.o(.ARM.exidx.text.USART_Cmd), (8 bytes).
    Removing stm32f10x_usart.o(.ARM.exidx.text.USART_ITConfig), (8 bytes).
    Removing stm32f10x_usart.o(.text.USART_DMACmd), (16 bytes).
    Removing stm32f10x_usart.o(.ARM.exidx.text.USART_DMACmd), (8 bytes).
    Removing stm32f10x_usart.o(.text.USART_SetAddress), (16 bytes).
    Removing stm32f10x_usart.o(.ARM.exidx.text.USART_SetAddress), (8 bytes).
    Removing stm32f10x_usart.o(.text.USART_WakeUpConfig), (16 bytes).
    Removing stm32f10x_usart.o(.ARM.exidx.text.USART_WakeUpConfig), (8 bytes).
    Removing stm32f10x_usart.o(.text.USART_ReceiverWakeUpCmd), (18 bytes).
    Removing stm32f10x_usart.o(.ARM.exidx.text.USART_ReceiverWakeUpCmd), (8 bytes).
    Removing stm32f10x_usart.o(.text.USART_LINBreakDetectLengthConfig), (16 bytes).
    Removing stm32f10x_usart.o(.ARM.exidx.text.USART_LINBreakDetectLengthConfig), (8 bytes).
    Removing stm32f10x_usart.o(.text.USART_LINCmd), (18 bytes).
    Removing stm32f10x_usart.o(.ARM.exidx.text.USART_LINCmd), (8 bytes).
    Removing stm32f10x_usart.o(.ARM.exidx.text.USART_SendData), (8 bytes).
    Removing stm32f10x_usart.o(.text.USART_ReceiveData), (8 bytes).
    Removing stm32f10x_usart.o(.ARM.exidx.text.USART_ReceiveData), (8 bytes).
    Removing stm32f10x_usart.o(.text.USART_SendBreak), (10 bytes).
    Removing stm32f10x_usart.o(.ARM.exidx.text.USART_SendBreak), (8 bytes).
    Removing stm32f10x_usart.o(.text.USART_SetGuardTime), (16 bytes).
    Removing stm32f10x_usart.o(.ARM.exidx.text.USART_SetGuardTime), (8 bytes).
    Removing stm32f10x_usart.o(.text.USART_SetPrescaler), (16 bytes).
    Removing stm32f10x_usart.o(.ARM.exidx.text.USART_SetPrescaler), (8 bytes).
    Removing stm32f10x_usart.o(.text.USART_SmartCardCmd), (18 bytes).
    Removing stm32f10x_usart.o(.ARM.exidx.text.USART_SmartCardCmd), (8 bytes).
    Removing stm32f10x_usart.o(.text.USART_SmartCardNACKCmd), (18 bytes).
    Removing stm32f10x_usart.o(.ARM.exidx.text.USART_SmartCardNACKCmd), (8 bytes).
    Removing stm32f10x_usart.o(.text.USART_HalfDuplexCmd), (18 bytes).
    Removing stm32f10x_usart.o(.ARM.exidx.text.USART_HalfDuplexCmd), (8 bytes).
    Removing stm32f10x_usart.o(.text.USART_OverSampling8Cmd), (20 bytes).
    Removing stm32f10x_usart.o(.ARM.exidx.text.USART_OverSampling8Cmd), (8 bytes).
    Removing stm32f10x_usart.o(.text.USART_OneBitMethodCmd), (18 bytes).
    Removing stm32f10x_usart.o(.ARM.exidx.text.USART_OneBitMethodCmd), (8 bytes).
    Removing stm32f10x_usart.o(.text.USART_IrDAConfig), (16 bytes).
    Removing stm32f10x_usart.o(.ARM.exidx.text.USART_IrDAConfig), (8 bytes).
    Removing stm32f10x_usart.o(.text.USART_IrDACmd), (18 bytes).
    Removing stm32f10x_usart.o(.ARM.exidx.text.USART_IrDACmd), (8 bytes).
    Removing stm32f10x_usart.o(.ARM.exidx.text.USART_GetFlagStatus), (8 bytes).
    Removing stm32f10x_usart.o(.text.USART_ClearFlag), (6 bytes).
    Removing stm32f10x_usart.o(.ARM.exidx.text.USART_ClearFlag), (8 bytes).
    Removing stm32f10x_usart.o(.text.USART_GetITStatus), (58 bytes).
    Removing stm32f10x_usart.o(.ARM.exidx.text.USART_GetITStatus), (8 bytes).
    Removing stm32f10x_usart.o(.text.USART_ClearITPendingBit), (14 bytes).
    Removing stm32f10x_usart.o(.ARM.exidx.text.USART_ClearITPendingBit), (8 bytes).
    Removing dma_stm32f10x.o(.text), (0 bytes).
    Removing dma_stm32f10x.o(.text.DMA_ChannelInitialize), (166 bytes).
    Removing dma_stm32f10x.o(.ARM.exidx.text.DMA_ChannelInitialize), (8 bytes).
    Removing dma_stm32f10x.o(.text.__NVIC_ClearPendingIRQ), (32 bytes).
    Removing dma_stm32f10x.o(.ARM.exidx.text.__NVIC_ClearPendingIRQ), (8 bytes).
    Removing dma_stm32f10x.o(.text.__NVIC_EnableIRQ), (32 bytes).
    Removing dma_stm32f10x.o(.ARM.exidx.text.__NVIC_EnableIRQ), (8 bytes).
    Removing dma_stm32f10x.o(.text.DMA_ChannelUninitialize), (200 bytes).
    Removing dma_stm32f10x.o(.ARM.exidx.text.DMA_ChannelUninitialize), (8 bytes).
    Removing dma_stm32f10x.o(.text.__NVIC_DisableIRQ), (40 bytes).
    Removing dma_stm32f10x.o(.ARM.exidx.text.__NVIC_DisableIRQ), (8 bytes).
    Removing dma_stm32f10x.o(.ARM.exidx.text.DMA1_Channel1_Event), (8 bytes).
    Removing dma_stm32f10x.o(.ARM.exidx.text.DMA1_Channel2_Event), (8 bytes).
    Removing dma_stm32f10x.o(.ARM.exidx.text.DMA1_Channel3_Event), (8 bytes).
    Removing dma_stm32f10x.o(.ARM.exidx.text.DMA1_Channel4_Event), (8 bytes).
    Removing dma_stm32f10x.o(.ARM.exidx.text.DMA1_Channel5_Event), (8 bytes).
    Removing dma_stm32f10x.o(.ARM.exidx.text.DMA1_Channel6_Event), (8 bytes).
    Removing dma_stm32f10x.o(.ARM.exidx.text.DMA1_Channel7_Event), (8 bytes).
    Removing dma_stm32f10x.o(.ARM.exidx.text.DMA1_Channel1_IRQHandler), (8 bytes).
    Removing dma_stm32f10x.o(.ARM.exidx.text.DMA1_Channel2_IRQHandler), (8 bytes).
    Removing dma_stm32f10x.o(.ARM.exidx.text.DMA1_Channel3_IRQHandler), (8 bytes).
    Removing dma_stm32f10x.o(.ARM.exidx.text.DMA1_Channel4_IRQHandler), (8 bytes).
    Removing dma_stm32f10x.o(.ARM.exidx.text.DMA1_Channel5_IRQHandler), (8 bytes).
    Removing dma_stm32f10x.o(.ARM.exidx.text.DMA1_Channel6_IRQHandler), (8 bytes).
    Removing dma_stm32f10x.o(.ARM.exidx.text.DMA1_Channel7_IRQHandler), (8 bytes).
    Removing dma_stm32f10x.o(.bss.DMA1_Channel), (1 bytes).
    Removing gpio_stm32f10x.o(.text), (0 bytes).
    Removing gpio_stm32f10x.o(.text.GPIO_PortClock), (334 bytes).
    Removing gpio_stm32f10x.o(.ARM.exidx.text.GPIO_PortClock), (8 bytes).
    Removing gpio_stm32f10x.o(.text.GPIO_GetPortClockState), (72 bytes).
    Removing gpio_stm32f10x.o(.ARM.exidx.text.GPIO_GetPortClockState), (8 bytes).
    Removing gpio_stm32f10x.o(.text.GPIO_PinConfigure), (124 bytes).
    Removing gpio_stm32f10x.o(.ARM.exidx.text.GPIO_PinConfigure), (8 bytes).
    Removing gpio_stm32f10x.o(.text.GPIO_AFConfigure), (124 bytes).
    Removing gpio_stm32f10x.o(.ARM.exidx.text.GPIO_AFConfigure), (8 bytes).
    Removing system_stm32f10x.o(.text), (0 bytes).
    Removing system_stm32f10x.o(.ARM.exidx.text.SystemInit), (8 bytes).
    Removing system_stm32f10x.o(.ARM.exidx.text.SetSysClock), (8 bytes).
    Removing system_stm32f10x.o(.text.SystemCoreClockUpdate), (110 bytes).
    Removing system_stm32f10x.o(.ARM.exidx.text.SystemCoreClockUpdate), (8 bytes).
    Removing system_stm32f10x.o(.ARM.exidx.text.SetSysClockTo72), (8 bytes).
    Removing system_stm32f10x.o(.data.SystemCoreClock), (4 bytes).
    Removing system_stm32f10x.o(.rodata.AHBPrescTable), (16 bytes).

323 unused section(s) (total 5741 bytes) removed from the image.

==============================================================================

Image Symbol Table

    Local Symbols

    Symbol Name                              Value     Ov Type        Size  Object(Section)

    ../clib/angel/boardlib.s                 0x00000000   Number         0  boardinit1.o ABSOLUTE
    ../clib/angel/boardlib.s                 0x00000000   Number         0  boardinit2.o ABSOLUTE
    ../clib/angel/boardlib.s                 0x00000000   Number         0  boardinit3.o ABSOLUTE
    ../clib/angel/boardlib.s                 0x00000000   Number         0  boardshut.o ABSOLUTE
    ../clib/angel/handlers.s                 0x00000000   Number         0  __scatter_zi.o ABSOLUTE
    ../clib/angel/kernel.s                   0x00000000   Number         0  __rtentry.o ABSOLUTE
    ../clib/angel/kernel.s                   0x00000000   Number         0  __rtentry2.o ABSOLUTE
    ../clib/angel/kernel.s                   0x00000000   Number         0  __rtentry4.o ABSOLUTE
    ../clib/angel/kernel.s                   0x00000000   Number         0  rtexit.o ABSOLUTE
    ../clib/angel/kernel.s                   0x00000000   Number         0  rtexit2.o ABSOLUTE
    ../clib/angel/rt.s                       0x00000000   Number         0  rt_raise.o ABSOLUTE
    ../clib/angel/scatter.s                  0x00000000   Number         0  __scatter.o ABSOLUTE
    ../clib/angel/startup.s                  0x00000000   Number         0  __main.o ABSOLUTE
    ../clib/angel/sys.s                      0x00000000   Number         0  sys_stackheap_outer.o ABSOLUTE
    ../clib/angel/sys.s                      0x00000000   Number         0  libspace.o ABSOLUTE
    ../clib/angel/sys.s                      0x00000000   Number         0  use_no_semi.o ABSOLUTE
    ../clib/angel/sys.s                      0x00000000   Number         0  indicate_semi.o ABSOLUTE
    ../clib/angel/sysapp.c                   0x00000000   Number         0  sys_exit.o ABSOLUTE
    ../clib/angel/sysapp.c                   0x00000000   Number         0  sys_exit_hlt.o ABSOLUTE
    ../clib/angel/sysapp.c                   0x00000000   Number         0  sys_command.o ABSOLUTE
    ../clib/angel/sysapp.c                   0x00000000   Number         0  sys_command_hlt.o ABSOLUTE
    ../clib/angel/sysapp.c                   0x00000000   Number         0  sys_wrch.o ABSOLUTE
    ../clib/angel/sysapp.c                   0x00000000   Number         0  sys_wrch_hlt.o ABSOLUTE
    ../clib/armsys.c                         0x00000000   Number         0  argv_veneer.o ABSOLUTE
    ../clib/armsys.c                         0x00000000   Number         0  argv_veneer.o ABSOLUTE
    ../clib/armsys.c                         0x00000000   Number         0  _get_argv_nomalloc.o ABSOLUTE
    ../clib/armsys.c                         0x00000000   Number         0  no_argv.o ABSOLUTE
    ../clib/heapalloc.c                      0x00000000   Number         0  hrguard.o ABSOLUTE
    ../clib/heapaux.c                        0x00000000   Number         0  heapauxi.o ABSOLUTE
    ../clib/libinit.s                        0x00000000   Number         0  libinit.o ABSOLUTE
    ../clib/libinit.s                        0x00000000   Number         0  libinit2.o ABSOLUTE
    ../clib/libinit.s                        0x00000000   Number         0  libshutdown.o ABSOLUTE
    ../clib/libinit.s                        0x00000000   Number         0  libshutdown2.o ABSOLUTE
    ../clib/memcpset.s                       0x00000000   Number         0  rt_memclr_w.o ABSOLUTE
    ../clib/printf.c                         0x00000000   Number         0  __2printf.o ABSOLUTE
    ../clib/printf.c                         0x00000000   Number         0  noretval__2printf.o ABSOLUTE
    ../clib/printf.c                         0x00000000   Number         0  __printf.o ABSOLUTE
    ../clib/printf.c                         0x00000000   Number         0  _printf_dec.o ABSOLUTE
    ../clib/printf.c                         0x00000000   Number         0  __printf_flags.o ABSOLUTE
    ../clib/printf.c                         0x00000000   Number         0  __printf_ss.o ABSOLUTE
    ../clib/printf.c                         0x00000000   Number         0  __printf_flags_ss.o ABSOLUTE
    ../clib/printf.c                         0x00000000   Number         0  __printf_wp.o ABSOLUTE
    ../clib/printf.c                         0x00000000   Number         0  __printf_flags_wp.o ABSOLUTE
    ../clib/printf.c                         0x00000000   Number         0  __printf_ss_wp.o ABSOLUTE
    ../clib/printf.c                         0x00000000   Number         0  __printf_flags_ss_wp.o ABSOLUTE
    ../clib/printf.c                         0x00000000   Number         0  _printf_intcommon.o ABSOLUTE
    ../clib/printf.c                         0x00000000   Number         0  _printf_char_file.o ABSOLUTE
    ../clib/printf.c                         0x00000000   Number         0  _printf_char_common.o ABSOLUTE
    ../clib/printf.c                         0x00000000   Number         0  __printf_nopercent.o ABSOLUTE
    ../clib/printf_percent.s                 0x00000000   Number         0  _printf_u.o ABSOLUTE
    ../clib/printf_percent.s                 0x00000000   Number         0  _printf_percent.o ABSOLUTE
    ../clib/printf_percent.s                 0x00000000   Number         0  _printf_percent_end.o ABSOLUTE
    ../clib/signal.c                         0x00000000   Number         0  defsig_rtmem_outer.o ABSOLUTE
    ../clib/signal.c                         0x00000000   Number         0  defsig_rtmem_formal.o ABSOLUTE
    ../clib/signal.c                         0x00000000   Number         0  defsig_exit.o ABSOLUTE
    ../clib/signal.c                         0x00000000   Number         0  defsig_rtmem_inner.o ABSOLUTE
    ../clib/signal.c                         0x00000000   Number         0  __raise.o ABSOLUTE
    ../clib/signal.c                         0x00000000   Number         0  defsig_general.o ABSOLUTE
    ../clib/signal.c                         0x00000000   Number         0  defsig_abrt_inner.o ABSOLUTE
    ../clib/signal.c                         0x00000000   Number         0  defsig_fpe_inner.o ABSOLUTE
    ../clib/signal.c                         0x00000000   Number         0  defsig_rtred_inner.o ABSOLUTE
    ../clib/signal.c                         0x00000000   Number         0  defsig_stak_inner.o ABSOLUTE
    ../clib/signal.c                         0x00000000   Number         0  defsig_pvfn_inner.o ABSOLUTE
    ../clib/signal.c                         0x00000000   Number         0  defsig_cppl_inner.o ABSOLUTE
    ../clib/signal.c                         0x00000000   Number         0  defsig_segv_inner.o ABSOLUTE
    ../clib/signal.c                         0x00000000   Number         0  defsig_other.o ABSOLUTE
    ../clib/signal.s                         0x00000000   Number         0  defsig.o ABSOLUTE
    ../clib/stdio.c                          0x00000000   Number         0  puts.o ABSOLUTE
    ../clib/stdio.c                          0x00000000   Number         0  ferror.o ABSOLUTE
    ../clib/stdio.c                          0x00000000   Number         0  ferror_locked.o ABSOLUTE
    ../clib/stdlib.c                         0x00000000   Number         0  exit.o ABSOLUTE
    ../fplib/fpinit.s                        0x00000000   Number         0  fpinit.o ABSOLUTE
    ../fplib/fpinit_empty.s                  0x00000000   Number         0  fpinit_empty.o ABSOLUTE
    DMA_STM32F10x.c                          0x00000000   Number         0  dma_stm32f10x.o ABSOLUTE
    Debug.c                                  0x00000000   Number         0  debug.o ABSOLUTE
    Delay.c                                  0x00000000   Number         0  delay.o ABSOLUTE
    GPIO_STM32F10x.c                         0x00000000   Number         0  gpio_stm32f10x.o ABSOLUTE
    Gpio.c                                   0x00000000   Number         0  gpio.o ABSOLUTE
    RTE/Device/STM32F103C8/startup_stm32f10x_md.s 0x00000000   Number         0  startup_stm32f10x_md.o ABSOLUTE
    dc.s                                     0x00000000   Number         0  dc.o ABSOLUTE
    main.c                                   0x00000000   Number         0  main.o ABSOLUTE
    misc.c                                   0x00000000   Number         0  misc.o ABSOLUTE
    stm32f10x_adc.c                          0x00000000   Number         0  stm32f10x_adc.o ABSOLUTE
    stm32f10x_dma.c                          0x00000000   Number         0  stm32f10x_dma.o ABSOLUTE
    stm32f10x_gpio.c                         0x00000000   Number         0  stm32f10x_gpio.o ABSOLUTE
    stm32f10x_rcc.c                          0x00000000   Number         0  stm32f10x_rcc.o ABSOLUTE
    stm32f10x_usart.c                        0x00000000   Number         0  stm32f10x_usart.o ABSOLUTE
    system_stm32f10x.c                       0x00000000   Number         0  system_stm32f10x.o ABSOLUTE
    RESET                                    0x08000000   Section      236  startup_stm32f10x_md.o(RESET)
    !!!main                                  0x080000ec   Section        8  __main.o(!!!main)
    !!!scatter                               0x080000f4   Section       52  __scatter.o(!!!scatter)
    !!handler_zi                             0x08000128   Section       28  __scatter_zi.o(!!handler_zi)
    .ARM.Collect$$_printf_percent$$00000000  0x08000144   Section        0  _printf_percent.o(.ARM.Collect$$_printf_percent$$00000000)
    .ARM.Collect$$_printf_percent$$0000000A  0x08000144   Section        6  _printf_u.o(.ARM.Collect$$_printf_percent$$0000000A)
    .ARM.Collect$$_printf_percent$$00000017  0x0800014a   Section        4  _printf_percent_end.o(.ARM.Collect$$_printf_percent$$00000017)
    .ARM.Collect$$libinit$$00000000          0x0800014e   Section        2  libinit.o(.ARM.Collect$$libinit$$00000000)
    .ARM.Collect$$libinit$$00000002          0x08000150   Section        0  libinit2.o(.ARM.Collect$$libinit$$00000002)
    .ARM.Collect$$libinit$$00000004          0x08000150   Section        0  libinit2.o(.ARM.Collect$$libinit$$00000004)
    .ARM.Collect$$libinit$$0000000A          0x08000150   Section        0  libinit2.o(.ARM.Collect$$libinit$$0000000A)
    .ARM.Collect$$libinit$$0000000C          0x08000150   Section        0  libinit2.o(.ARM.Collect$$libinit$$0000000C)
    .ARM.Collect$$libinit$$0000000E          0x08000150   Section        0  libinit2.o(.ARM.Collect$$libinit$$0000000E)
    .ARM.Collect$$libinit$$00000011          0x08000150   Section        0  libinit2.o(.ARM.Collect$$libinit$$00000011)
    .ARM.Collect$$libinit$$00000013          0x08000150   Section        0  libinit2.o(.ARM.Collect$$libinit$$00000013)
    .ARM.Collect$$libinit$$00000015          0x08000150   Section        0  libinit2.o(.ARM.Collect$$libinit$$00000015)
    .ARM.Collect$$libinit$$00000017          0x08000150   Section        0  libinit2.o(.ARM.Collect$$libinit$$00000017)
    .ARM.Collect$$libinit$$00000019          0x08000150   Section        0  libinit2.o(.ARM.Collect$$libinit$$00000019)
    .ARM.Collect$$libinit$$0000001B          0x08000150   Section        0  libinit2.o(.ARM.Collect$$libinit$$0000001B)
    .ARM.Collect$$libinit$$0000001D          0x08000150   Section        0  libinit2.o(.ARM.Collect$$libinit$$0000001D)
    .ARM.Collect$$libinit$$0000001F          0x08000150   Section        0  libinit2.o(.ARM.Collect$$libinit$$0000001F)
    .ARM.Collect$$libinit$$00000021          0x08000150   Section        0  libinit2.o(.ARM.Collect$$libinit$$00000021)
    .ARM.Collect$$libinit$$00000023          0x08000150   Section        0  libinit2.o(.ARM.Collect$$libinit$$00000023)
    .ARM.Collect$$libinit$$00000025          0x08000150   Section        0  libinit2.o(.ARM.Collect$$libinit$$00000025)
    .ARM.Collect$$libinit$$0000002C          0x08000150   Section        0  libinit2.o(.ARM.Collect$$libinit$$0000002C)
    .ARM.Collect$$libinit$$0000002E          0x08000150   Section        0  libinit2.o(.ARM.Collect$$libinit$$0000002E)
    .ARM.Collect$$libinit$$00000030          0x08000150   Section        0  libinit2.o(.ARM.Collect$$libinit$$00000030)
    .ARM.Collect$$libinit$$00000032          0x08000150   Section        0  libinit2.o(.ARM.Collect$$libinit$$00000032)
    .ARM.Collect$$libinit$$00000033          0x08000150   Section        2  libinit2.o(.ARM.Collect$$libinit$$00000033)
    .ARM.Collect$$libshutdown$$00000000      0x08000152   Section        2  libshutdown.o(.ARM.Collect$$libshutdown$$00000000)
    .ARM.Collect$$libshutdown$$00000002      0x08000154   Section        0  libshutdown2.o(.ARM.Collect$$libshutdown$$00000002)
    .ARM.Collect$$libshutdown$$00000004      0x08000154   Section        0  libshutdown2.o(.ARM.Collect$$libshutdown$$00000004)
    .ARM.Collect$$libshutdown$$00000007      0x08000154   Section        0  libshutdown2.o(.ARM.Collect$$libshutdown$$00000007)
    .ARM.Collect$$libshutdown$$0000000A      0x08000154   Section        0  libshutdown2.o(.ARM.Collect$$libshutdown$$0000000A)
    .ARM.Collect$$libshutdown$$0000000C      0x08000154   Section        0  libshutdown2.o(.ARM.Collect$$libshutdown$$0000000C)
    .ARM.Collect$$libshutdown$$0000000F      0x08000154   Section        0  libshutdown2.o(.ARM.Collect$$libshutdown$$0000000F)
    .ARM.Collect$$libshutdown$$00000010      0x08000154   Section        2  libshutdown2.o(.ARM.Collect$$libshutdown$$00000010)
    .ARM.Collect$$rtentry$$00000000          0x08000156   Section        0  __rtentry.o(.ARM.Collect$$rtentry$$00000000)
    .ARM.Collect$$rtentry$$00000002          0x08000156   Section        0  __rtentry2.o(.ARM.Collect$$rtentry$$00000002)
    .ARM.Collect$$rtentry$$00000004          0x08000156   Section        6  __rtentry4.o(.ARM.Collect$$rtentry$$00000004)
    .ARM.Collect$$rtentry$$00000009          0x0800015c   Section        0  __rtentry2.o(.ARM.Collect$$rtentry$$00000009)
    .ARM.Collect$$rtentry$$0000000A          0x0800015c   Section        4  __rtentry2.o(.ARM.Collect$$rtentry$$0000000A)
    .ARM.Collect$$rtentry$$0000000C          0x08000160   Section        0  __rtentry2.o(.ARM.Collect$$rtentry$$0000000C)
    .ARM.Collect$$rtentry$$0000000D          0x08000160   Section        8  __rtentry2.o(.ARM.Collect$$rtentry$$0000000D)
    .ARM.Collect$$rtexit$$00000000           0x08000168   Section        2  rtexit.o(.ARM.Collect$$rtexit$$00000000)
    .ARM.Collect$$rtexit$$00000002           0x0800016a   Section        0  rtexit2.o(.ARM.Collect$$rtexit$$00000002)
    .ARM.Collect$$rtexit$$00000003           0x0800016a   Section        4  rtexit2.o(.ARM.Collect$$rtexit$$00000003)
    .ARM.Collect$$rtexit$$00000004           0x0800016e   Section        6  rtexit2.o(.ARM.Collect$$rtexit$$00000004)
    .text                                    0x08000174   Section       64  startup_stm32f10x_md.o(.text)
    .text                                    0x080001b4   Section        0  noretval__2printf.o(.text)
    .text                                    0x080001cc   Section        0  __printf.o(.text)
    .text                                    0x08000234   Section        0  _printf_dec.o(.text)
    .text                                    0x080002ac   Section        0  puts.o(.text)
    .text                                    0x080002d8   Section        0  heapauxi.o(.text)
    .text                                    0x080002de   Section        0  _printf_intcommon.o(.text)
    .text                                    0x08000390   Section        0  _printf_char_file.o(.text)
    _printf_input_char                       0x080003b5   Thumb Code    10  _printf_char_common.o(.text)
    .text                                    0x080003b4   Section        0  _printf_char_common.o(.text)
    .text                                    0x080003e4   Section        0  ferror.o(.text)
    .text                                    0x080003ec   Section       74  sys_stackheap_outer.o(.text)
    .text                                    0x08000436   Section        0  exit.o(.text)
    .text                                    0x08000448   Section        8  libspace.o(.text)
    .text                                    0x08000450   Section        0  sys_exit.o(.text)
    .text                                    0x0800045c   Section        2  use_no_semi.o(.text)
    .text                                    0x0800045e   Section        0  indicate_semi.o(.text)
    [Anonymous Symbol]                       0x08000460   Section        0  main.o(.text.ADC1_2_IRQHandler)
    [Anonymous Symbol]                       0x08000490   Section        0  main.o(.text.Cauhinh_ADC1_Continuous_Mode)
    [Anonymous Symbol]                       0x0800053c   Section        0  main.o(.text.Cauhinh_DMA)
    [Anonymous Symbol]                       0x08000594   Section        0  main.o(.text.Cauhinh_Gpio)
    [Anonymous Symbol]                       0x080005d8   Section        0  main.o(.text.Cauhinh_NVIC)
    [Anonymous Symbol]                       0x080005f8   Section        0  dma_stm32f10x.o(.text.DMA1_Channel1_Event)
    [Anonymous Symbol]                       0x080005fc   Section        0  dma_stm32f10x.o(.text.DMA1_Channel1_IRQHandler)
    [Anonymous Symbol]                       0x08000614   Section        0  dma_stm32f10x.o(.text.DMA1_Channel2_Event)
    [Anonymous Symbol]                       0x08000618   Section        0  dma_stm32f10x.o(.text.DMA1_Channel2_IRQHandler)
    [Anonymous Symbol]                       0x08000630   Section        0  dma_stm32f10x.o(.text.DMA1_Channel3_Event)
    [Anonymous Symbol]                       0x08000634   Section        0  dma_stm32f10x.o(.text.DMA1_Channel3_IRQHandler)
    [Anonymous Symbol]                       0x0800064c   Section        0  dma_stm32f10x.o(.text.DMA1_Channel4_Event)
    [Anonymous Symbol]                       0x08000650   Section        0  dma_stm32f10x.o(.text.DMA1_Channel4_IRQHandler)
    [Anonymous Symbol]                       0x08000668   Section        0  dma_stm32f10x.o(.text.DMA1_Channel5_Event)
    [Anonymous Symbol]                       0x0800066c   Section        0  dma_stm32f10x.o(.text.DMA1_Channel5_IRQHandler)
    [Anonymous Symbol]                       0x08000684   Section        0  dma_stm32f10x.o(.text.DMA1_Channel6_Event)
    [Anonymous Symbol]                       0x08000688   Section        0  dma_stm32f10x.o(.text.DMA1_Channel6_IRQHandler)
    [Anonymous Symbol]                       0x080006a0   Section        0  dma_stm32f10x.o(.text.DMA1_Channel7_Event)
    [Anonymous Symbol]                       0x080006a4   Section        0  dma_stm32f10x.o(.text.DMA1_Channel7_IRQHandler)
    [Anonymous Symbol]                       0x080006bc   Section        0  delay.o(.text.Delay_Sys)
    [Anonymous Symbol]                       0x080006e8   Section        0  delay.o(.text.Delay_Sys_us)
    [Anonymous Symbol]                       0x08000710   Section        0  stm32f10x_gpio.o(.text.GPIO_Init)
    [Anonymous Symbol]                       0x080007c0   Section        0  stm32f10x_gpio.o(.text.GPIO_PinRemapConfig)
    [Anonymous Symbol]                       0x08000834   Section        0  gpio.o(.text.Gpio_Config)
    [Anonymous Symbol]                       0x08000908   Section        0  misc.o(.text.NVIC_Init)
    [Anonymous Symbol]                       0x08000968   Section        0  misc.o(.text.NVIC_PriorityGroupConfig)
    [Anonymous Symbol]                       0x0800097c   Section        0  stm32f10x_rcc.o(.text.RCC_APB2PeriphClockCmd)
    [Anonymous Symbol]                       0x08000994   Section        0  stm32f10x_rcc.o(.text.RCC_GetClocksFreq)
    [Anonymous Symbol]                       0x08000a34   Section        0  debug.o(.text.SendChar)
    SetSysClock                              0x08000a59   Thumb Code     8  system_stm32f10x.o(.text.SetSysClock)
    [Anonymous Symbol]                       0x08000a58   Section        0  system_stm32f10x.o(.text.SetSysClock)
    SetSysClockTo72                          0x08000a61   Thumb Code   190  system_stm32f10x.o(.text.SetSysClockTo72)
    [Anonymous Symbol]                       0x08000a60   Section        0  system_stm32f10x.o(.text.SetSysClockTo72)
    [Anonymous Symbol]                       0x08000b20   Section        0  system_stm32f10x.o(.text.SystemInit)
    [Anonymous Symbol]                       0x08000b78   Section        0  stm32f10x_usart.o(.text.USART_Cmd)
    [Anonymous Symbol]                       0x08000b8c   Section        0  stm32f10x_usart.o(.text.USART_GetFlagStatus)
    [Anonymous Symbol]                       0x08000b98   Section        0  stm32f10x_usart.o(.text.USART_ITConfig)
    [Anonymous Symbol]                       0x08000bc8   Section        0  stm32f10x_usart.o(.text.USART_Init)
    [Anonymous Symbol]                       0x08000c7c   Section        0  stm32f10x_usart.o(.text.USART_SendData)
    [Anonymous Symbol]                       0x08000c84   Section        0  debug.o(.text.Uart_Config)
    [Anonymous Symbol]                       0x08000cd0   Section        0  debug.o(.text.fputc)
    [Anonymous Symbol]                       0x08000ce0   Section        0  main.o(.text.main)
    ADCPrescTable                            0x08000d18   Data           4  stm32f10x_rcc.o(.rodata.ADCPrescTable)
    [Anonymous Symbol]                       0x08000d18   Section        0  stm32f10x_rcc.o(.rodata.ADCPrescTable)
    APBAHBPrescTable                         0x08000d1c   Data          16  stm32f10x_rcc.o(.rodata.APBAHBPrescTable)
    [Anonymous Symbol]                       0x08000d1c   Section        0  stm32f10x_rcc.o(.rodata.APBAHBPrescTable)
    .bss                                     0x20000000   Section       96  libspace.o(.bss)
    Heap_Mem                                 0x200000b8   Data         512  startup_stm32f10x_md.o(HEAP)
    HEAP                                     0x200000b8   Section      512  startup_stm32f10x_md.o(HEAP)
    Stack_Mem                                0x200002b8   Data        1024  startup_stm32f10x_md.o(STACK)
    STACK                                    0x200002b8   Section     1024  startup_stm32f10x_md.o(STACK)
    __initial_sp                             0x200006b8   Data           0  startup_stm32f10x_md.o(STACK)

    Global Symbols

    Symbol Name                              Value     Ov Type        Size  Object(Section)

    BuildAttributes$$THM_ISAv4$P$D$K$B$S$PE$A:L22UL41UL21$X:L11$S22US41US21$IEEE1$IW$~IW$USESV6$~STKCKD$USESV7$~SHL$OTIME$ROPI$EBA8$UX$STANDARDLIB$REQ8$PRES8$EABIv2 0x00000000   Number         0  anon$$obj.o ABSOLUTE
    __fp_init_empty                          0x00000000   Number         0  fpinit_empty.o ABSOLUTE
    __ARM_exceptions_init                     - Undefined Weak Reference
    __alloca_initialize                       - Undefined Weak Reference
    __arm_preinit_                            - Undefined Weak Reference
    __cpp_initialize__aeabi_                  - Undefined Weak Reference
    __cxa_finalize                            - Undefined Weak Reference
    __rt_locale                               - Undefined Weak Reference
    __sigvec_lookup                           - Undefined Weak Reference
    _atexit_init                              - Undefined Weak Reference
    _call_atexit_fns                          - Undefined Weak Reference
    _clock_init                               - Undefined Weak Reference
    _fp_trap_init                             - Undefined Weak Reference
    _fp_trap_shutdown                         - Undefined Weak Reference
    _get_lc_collate                           - Undefined Weak Reference
    _get_lc_ctype                             - Undefined Weak Reference
    _get_lc_monetary                          - Undefined Weak Reference
    _get_lc_numeric                           - Undefined Weak Reference
    _get_lc_time                              - Undefined Weak Reference
    _getenv_init                              - Undefined Weak Reference
    _handle_redirection                       - Undefined Weak Reference
    _init_alloc                               - Undefined Weak Reference
    _init_user_alloc                          - Undefined Weak Reference
    _initio                                   - Undefined Weak Reference
    _mutex_acquire                            - Undefined Weak Reference
    _mutex_release                            - Undefined Weak Reference
    _printf_post_padding                      - Undefined Weak Reference
    _printf_pre_padding                       - Undefined Weak Reference
    _printf_truncate_signed                   - Undefined Weak Reference
    _printf_truncate_unsigned                 - Undefined Weak Reference
    _rand_init                                - Undefined Weak Reference
    _signal_finish                            - Undefined Weak Reference
    _signal_init                              - Undefined Weak Reference
    _terminate_alloc                          - Undefined Weak Reference
    _terminate_user_alloc                     - Undefined Weak Reference
    _terminateio                              - Undefined Weak Reference
    __Vectors_Size                           0x000000ec   Number         0  startup_stm32f10x_md.o ABSOLUTE
    __Vectors                                0x08000000   Data           4  startup_stm32f10x_md.o(RESET)
    __Vectors_End                            0x080000ec   Data           0  startup_stm32f10x_md.o(RESET)
    __main                                   0x080000ed   Thumb Code     8  __main.o(!!!main)
    __scatterload                            0x080000f5   Thumb Code     0  __scatter.o(!!!scatter)
    __scatterload_rt2                        0x080000f5   Thumb Code    44  __scatter.o(!!!scatter)
    __scatterload_rt2_thumb_only             0x080000f5   Thumb Code     0  __scatter.o(!!!scatter)
    __scatterload_null                       0x08000103   Thumb Code     0  __scatter.o(!!!scatter)
    __scatterload_zeroinit                   0x08000129   Thumb Code    28  __scatter_zi.o(!!handler_zi)
    _printf_percent                          0x08000145   Thumb Code     0  _printf_percent.o(.ARM.Collect$$_printf_percent$$00000000)
    _printf_u                                0x08000145   Thumb Code     0  _printf_u.o(.ARM.Collect$$_printf_percent$$0000000A)
    _printf_percent_end                      0x0800014b   Thumb Code     0  _printf_percent_end.o(.ARM.Collect$$_printf_percent$$00000017)
    __rt_lib_init                            0x0800014f   Thumb Code     0  libinit.o(.ARM.Collect$$libinit$$00000000)
    __rt_lib_init_alloca_1                   0x08000151   Thumb Code     0  libinit2.o(.ARM.Collect$$libinit$$0000002E)
    __rt_lib_init_argv_1                     0x08000151   Thumb Code     0  libinit2.o(.ARM.Collect$$libinit$$0000002C)
    __rt_lib_init_atexit_1                   0x08000151   Thumb Code     0  libinit2.o(.ARM.Collect$$libinit$$0000001B)
    __rt_lib_init_clock_1                    0x08000151   Thumb Code     0  libinit2.o(.ARM.Collect$$libinit$$00000021)
    __rt_lib_init_cpp_1                      0x08000151   Thumb Code     0  libinit2.o(.ARM.Collect$$libinit$$00000032)
    __rt_lib_init_exceptions_1               0x08000151   Thumb Code     0  libinit2.o(.ARM.Collect$$libinit$$00000030)
    __rt_lib_init_fp_1                       0x08000151   Thumb Code     0  libinit2.o(.ARM.Collect$$libinit$$00000002)
    __rt_lib_init_fp_trap_1                  0x08000151   Thumb Code     0  libinit2.o(.ARM.Collect$$libinit$$0000001F)
    __rt_lib_init_getenv_1                   0x08000151   Thumb Code     0  libinit2.o(.ARM.Collect$$libinit$$00000023)
    __rt_lib_init_heap_1                     0x08000151   Thumb Code     0  libinit2.o(.ARM.Collect$$libinit$$0000000A)
    __rt_lib_init_lc_collate_1               0x08000151   Thumb Code     0  libinit2.o(.ARM.Collect$$libinit$$00000011)
    __rt_lib_init_lc_ctype_1                 0x08000151   Thumb Code     0  libinit2.o(.ARM.Collect$$libinit$$00000013)
    __rt_lib_init_lc_monetary_1              0x08000151   Thumb Code     0  libinit2.o(.ARM.Collect$$libinit$$00000015)
    __rt_lib_init_lc_numeric_1               0x08000151   Thumb Code     0  libinit2.o(.ARM.Collect$$libinit$$00000017)
    __rt_lib_init_lc_time_1                  0x08000151   Thumb Code     0  libinit2.o(.ARM.Collect$$libinit$$00000019)
    __rt_lib_init_preinit_1                  0x08000151   Thumb Code     0  libinit2.o(.ARM.Collect$$libinit$$00000004)
    __rt_lib_init_rand_1                     0x08000151   Thumb Code     0  libinit2.o(.ARM.Collect$$libinit$$0000000E)
    __rt_lib_init_return                     0x08000151   Thumb Code     0  libinit2.o(.ARM.Collect$$libinit$$00000033)
    __rt_lib_init_signal_1                   0x08000151   Thumb Code     0  libinit2.o(.ARM.Collect$$libinit$$0000001D)
    __rt_lib_init_stdio_1                    0x08000151   Thumb Code     0  libinit2.o(.ARM.Collect$$libinit$$00000025)
    __rt_lib_init_user_alloc_1               0x08000151   Thumb Code     0  libinit2.o(.ARM.Collect$$libinit$$0000000C)
    __rt_lib_shutdown                        0x08000153   Thumb Code     0  libshutdown.o(.ARM.Collect$$libshutdown$$00000000)
    __rt_lib_shutdown_cpp_1                  0x08000155   Thumb Code     0  libshutdown2.o(.ARM.Collect$$libshutdown$$00000002)
    __rt_lib_shutdown_fp_trap_1              0x08000155   Thumb Code     0  libshutdown2.o(.ARM.Collect$$libshutdown$$00000007)
    __rt_lib_shutdown_heap_1                 0x08000155   Thumb Code     0  libshutdown2.o(.ARM.Collect$$libshutdown$$0000000F)
    __rt_lib_shutdown_return                 0x08000155   Thumb Code     0  libshutdown2.o(.ARM.Collect$$libshutdown$$00000010)
    __rt_lib_shutdown_signal_1               0x08000155   Thumb Code     0  libshutdown2.o(.ARM.Collect$$libshutdown$$0000000A)
    __rt_lib_shutdown_stdio_1                0x08000155   Thumb Code     0  libshutdown2.o(.ARM.Collect$$libshutdown$$00000004)
    __rt_lib_shutdown_user_alloc_1           0x08000155   Thumb Code     0  libshutdown2.o(.ARM.Collect$$libshutdown$$0000000C)
    __rt_entry                               0x08000157   Thumb Code     0  __rtentry.o(.ARM.Collect$$rtentry$$00000000)
    __rt_entry_presh_1                       0x08000157   Thumb Code     0  __rtentry2.o(.ARM.Collect$$rtentry$$00000002)
    __rt_entry_sh                            0x08000157   Thumb Code     0  __rtentry4.o(.ARM.Collect$$rtentry$$00000004)
    __rt_entry_li                            0x0800015d   Thumb Code     0  __rtentry2.o(.ARM.Collect$$rtentry$$0000000A)
    __rt_entry_postsh_1                      0x0800015d   Thumb Code     0  __rtentry2.o(.ARM.Collect$$rtentry$$00000009)
    __rt_entry_main                          0x08000161   Thumb Code     0  __rtentry2.o(.ARM.Collect$$rtentry$$0000000D)
    __rt_entry_postli_1                      0x08000161   Thumb Code     0  __rtentry2.o(.ARM.Collect$$rtentry$$0000000C)
    __rt_exit                                0x08000169   Thumb Code     0  rtexit.o(.ARM.Collect$$rtexit$$00000000)
    __rt_exit_ls                             0x0800016b   Thumb Code     0  rtexit2.o(.ARM.Collect$$rtexit$$00000003)
    __rt_exit_prels_1                        0x0800016b   Thumb Code     0  rtexit2.o(.ARM.Collect$$rtexit$$00000002)
    __rt_exit_exit                           0x0800016f   Thumb Code     0  rtexit2.o(.ARM.Collect$$rtexit$$00000004)
    Reset_Handler                            0x08000175   Thumb Code     8  startup_stm32f10x_md.o(.text)
    NMI_Handler                              0x0800017d   Thumb Code     2  startup_stm32f10x_md.o(.text)
    HardFault_Handler                        0x0800017f   Thumb Code     2  startup_stm32f10x_md.o(.text)
    MemManage_Handler                        0x08000181   Thumb Code     2  startup_stm32f10x_md.o(.text)
    BusFault_Handler                         0x08000183   Thumb Code     2  startup_stm32f10x_md.o(.text)
    UsageFault_Handler                       0x08000185   Thumb Code     2  startup_stm32f10x_md.o(.text)
    SVC_Handler                              0x08000187   Thumb Code     2  startup_stm32f10x_md.o(.text)
    DebugMon_Handler                         0x08000189   Thumb Code     2  startup_stm32f10x_md.o(.text)
    PendSV_Handler                           0x0800018b   Thumb Code     2  startup_stm32f10x_md.o(.text)
    SysTick_Handler                          0x0800018d   Thumb Code     2  startup_stm32f10x_md.o(.text)
    CAN1_RX1_IRQHandler                      0x0800018f   Thumb Code     0  startup_stm32f10x_md.o(.text)
    CAN1_SCE_IRQHandler                      0x0800018f   Thumb Code     0  startup_stm32f10x_md.o(.text)
    EXTI0_IRQHandler                         0x0800018f   Thumb Code     0  startup_stm32f10x_md.o(.text)
    EXTI15_10_IRQHandler                     0x0800018f   Thumb Code     0  startup_stm32f10x_md.o(.text)
    EXTI1_IRQHandler                         0x0800018f   Thumb Code     0  startup_stm32f10x_md.o(.text)
    EXTI2_IRQHandler                         0x0800018f   Thumb Code     0  startup_stm32f10x_md.o(.text)
    EXTI3_IRQHandler                         0x0800018f   Thumb Code     0  startup_stm32f10x_md.o(.text)
    EXTI4_IRQHandler                         0x0800018f   Thumb Code     0  startup_stm32f10x_md.o(.text)
    EXTI9_5_IRQHandler                       0x0800018f   Thumb Code     0  startup_stm32f10x_md.o(.text)
    FLASH_IRQHandler                         0x0800018f   Thumb Code     0  startup_stm32f10x_md.o(.text)
    I2C1_ER_IRQHandler                       0x0800018f   Thumb Code     0  startup_stm32f10x_md.o(.text)
    I2C1_EV_IRQHandler                       0x0800018f   Thumb Code     0  startup_stm32f10x_md.o(.text)
    I2C2_ER_IRQHandler                       0x0800018f   Thumb Code     0  startup_stm32f10x_md.o(.text)
    I2C2_EV_IRQHandler                       0x0800018f   Thumb Code     0  startup_stm32f10x_md.o(.text)
    PVD_IRQHandler                           0x0800018f   Thumb Code     0  startup_stm32f10x_md.o(.text)
    RCC_IRQHandler                           0x0800018f   Thumb Code     0  startup_stm32f10x_md.o(.text)
    RTCAlarm_IRQHandler                      0x0800018f   Thumb Code     0  startup_stm32f10x_md.o(.text)
    RTC_IRQHandler                           0x0800018f   Thumb Code     0  startup_stm32f10x_md.o(.text)
    SPI1_IRQHandler                          0x0800018f   Thumb Code     0  startup_stm32f10x_md.o(.text)
    SPI2_IRQHandler                          0x0800018f   Thumb Code     0  startup_stm32f10x_md.o(.text)
    TAMPER_IRQHandler                        0x0800018f   Thumb Code     0  startup_stm32f10x_md.o(.text)
    TIM1_BRK_IRQHandler                      0x0800018f   Thumb Code     0  startup_stm32f10x_md.o(.text)
    TIM1_CC_IRQHandler                       0x0800018f   Thumb Code     0  startup_stm32f10x_md.o(.text)
    TIM1_TRG_COM_IRQHandler                  0x0800018f   Thumb Code     0  startup_stm32f10x_md.o(.text)
    TIM1_UP_IRQHandler                       0x0800018f   Thumb Code     0  startup_stm32f10x_md.o(.text)
    TIM2_IRQHandler                          0x0800018f   Thumb Code     0  startup_stm32f10x_md.o(.text)
    TIM3_IRQHandler                          0x0800018f   Thumb Code     0  startup_stm32f10x_md.o(.text)
    TIM4_IRQHandler                          0x0800018f   Thumb Code     0  startup_stm32f10x_md.o(.text)
    USART1_IRQHandler                        0x0800018f   Thumb Code     0  startup_stm32f10x_md.o(.text)
    USART2_IRQHandler                        0x0800018f   Thumb Code     0  startup_stm32f10x_md.o(.text)
    USART3_IRQHandler                        0x0800018f   Thumb Code     0  startup_stm32f10x_md.o(.text)
    USBWakeUp_IRQHandler                     0x0800018f   Thumb Code     0  startup_stm32f10x_md.o(.text)
    USB_HP_CAN1_TX_IRQHandler                0x0800018f   Thumb Code     0  startup_stm32f10x_md.o(.text)
    USB_LP_CAN1_RX0_IRQHandler               0x0800018f   Thumb Code     0  startup_stm32f10x_md.o(.text)
    WWDG_IRQHandler                          0x0800018f   Thumb Code     0  startup_stm32f10x_md.o(.text)
    __user_initial_stackheap                 0x08000191   Thumb Code     0  startup_stm32f10x_md.o(.text)
    __2printf                                0x080001b5   Thumb Code    20  noretval__2printf.o(.text)
    __printf                                 0x080001cd   Thumb Code   104  __printf.o(.text)
    _printf_int_dec                          0x08000235   Thumb Code   104  _printf_dec.o(.text)
    puts                                     0x080002ad   Thumb Code    40  puts.o(.text)
    __use_two_region_memory                  0x080002d9   Thumb Code     2  heapauxi.o(.text)
    __rt_heap_escrow$2region                 0x080002db   Thumb Code     2  heapauxi.o(.text)
    __rt_heap_expand$2region                 0x080002dd   Thumb Code     2  heapauxi.o(.text)
    _printf_int_common                       0x080002df   Thumb Code   178  _printf_intcommon.o(.text)
    _printf_char_file                        0x08000391   Thumb Code    32  _printf_char_file.o(.text)
    _printf_char_common                      0x080003bf   Thumb Code    32  _printf_char_common.o(.text)
    ferror                                   0x080003e5   Thumb Code     8  ferror.o(.text)
    __user_setup_stackheap                   0x080003ed   Thumb Code    74  sys_stackheap_outer.o(.text)
    exit                                     0x08000437   Thumb Code    18  exit.o(.text)
    __user_libspace                          0x08000449   Thumb Code     8  libspace.o(.text)
    __user_perproc_libspace                  0x08000449   Thumb Code     0  libspace.o(.text)
    __user_perthread_libspace                0x08000449   Thumb Code     0  libspace.o(.text)
    _sys_exit                                0x08000451   Thumb Code     8  sys_exit.o(.text)
    __I$use$semihosting                      0x0800045d   Thumb Code     0  use_no_semi.o(.text)
    __use_no_semihosting_swi                 0x0800045d   Thumb Code     2  use_no_semi.o(.text)
    __semihosting_library_function           0x0800045f   Thumb Code     0  indicate_semi.o(.text)
    ADC1_2_IRQHandler                        0x08000461   Thumb Code    48  main.o(.text.ADC1_2_IRQHandler)
    Cauhinh_ADC1_Continuous_Mode             0x08000491   Thumb Code   172  main.o(.text.Cauhinh_ADC1_Continuous_Mode)
    Cauhinh_DMA                              0x0800053d   Thumb Code    88  main.o(.text.Cauhinh_DMA)
    Cauhinh_Gpio                             0x08000595   Thumb Code    68  main.o(.text.Cauhinh_Gpio)
    Cauhinh_NVIC                             0x080005d9   Thumb Code    30  main.o(.text.Cauhinh_NVIC)
    DMA1_Channel1_Event                      0x080005f9   Thumb Code     2  dma_stm32f10x.o(.text.DMA1_Channel1_Event)
    DMA1_Channel1_IRQHandler                 0x080005fd   Thumb Code    22  dma_stm32f10x.o(.text.DMA1_Channel1_IRQHandler)
    DMA1_Channel2_Event                      0x08000615   Thumb Code     2  dma_stm32f10x.o(.text.DMA1_Channel2_Event)
    DMA1_Channel2_IRQHandler                 0x08000619   Thumb Code    24  dma_stm32f10x.o(.text.DMA1_Channel2_IRQHandler)
    DMA1_Channel3_Event                      0x08000631   Thumb Code     2  dma_stm32f10x.o(.text.DMA1_Channel3_Event)
    DMA1_Channel3_IRQHandler                 0x08000635   Thumb Code    24  dma_stm32f10x.o(.text.DMA1_Channel3_IRQHandler)
    DMA1_Channel4_Event                      0x0800064d   Thumb Code     2  dma_stm32f10x.o(.text.DMA1_Channel4_Event)
    DMA1_Channel4_IRQHandler                 0x08000651   Thumb Code    24  dma_stm32f10x.o(.text.DMA1_Channel4_IRQHandler)
    DMA1_Channel5_Event                      0x08000669   Thumb Code     2  dma_stm32f10x.o(.text.DMA1_Channel5_Event)
    DMA1_Channel5_IRQHandler                 0x0800066d   Thumb Code    24  dma_stm32f10x.o(.text.DMA1_Channel5_IRQHandler)
    DMA1_Channel6_Event                      0x08000685   Thumb Code     2  dma_stm32f10x.o(.text.DMA1_Channel6_Event)
    DMA1_Channel6_IRQHandler                 0x08000689   Thumb Code    24  dma_stm32f10x.o(.text.DMA1_Channel6_IRQHandler)
    DMA1_Channel7_Event                      0x080006a1   Thumb Code     2  dma_stm32f10x.o(.text.DMA1_Channel7_Event)
    DMA1_Channel7_IRQHandler                 0x080006a5   Thumb Code    24  dma_stm32f10x.o(.text.DMA1_Channel7_IRQHandler)
    Delay_Sys                                0x080006bd   Thumb Code    44  delay.o(.text.Delay_Sys)
    Delay_Sys_us                             0x080006e9   Thumb Code    40  delay.o(.text.Delay_Sys_us)
    GPIO_Init                                0x08000711   Thumb Code   176  stm32f10x_gpio.o(.text.GPIO_Init)
    GPIO_PinRemapConfig                      0x080007c1   Thumb Code   116  stm32f10x_gpio.o(.text.GPIO_PinRemapConfig)
    Gpio_Config                              0x08000835   Thumb Code   212  gpio.o(.text.Gpio_Config)
    NVIC_Init                                0x08000909   Thumb Code    94  misc.o(.text.NVIC_Init)
    NVIC_PriorityGroupConfig                 0x08000969   Thumb Code    20  misc.o(.text.NVIC_PriorityGroupConfig)
    RCC_APB2PeriphClockCmd                   0x0800097d   Thumb Code    24  stm32f10x_rcc.o(.text.RCC_APB2PeriphClockCmd)
    RCC_GetClocksFreq                        0x08000995   Thumb Code   160  stm32f10x_rcc.o(.text.RCC_GetClocksFreq)
    SendChar                                 0x08000a35   Thumb Code    34  debug.o(.text.SendChar)
    SystemInit                               0x08000b21   Thumb Code    86  system_stm32f10x.o(.text.SystemInit)
    USART_Cmd                                0x08000b79   Thumb Code    18  stm32f10x_usart.o(.text.USART_Cmd)
    USART_GetFlagStatus                      0x08000b8d   Thumb Code    10  stm32f10x_usart.o(.text.USART_GetFlagStatus)
    USART_ITConfig                           0x08000b99   Thumb Code    46  stm32f10x_usart.o(.text.USART_ITConfig)
    USART_Init                               0x08000bc9   Thumb Code   178  stm32f10x_usart.o(.text.USART_Init)
    USART_SendData                           0x08000c7d   Thumb Code     8  stm32f10x_usart.o(.text.USART_SendData)
    Uart_Config                              0x08000c85   Thumb Code    74  debug.o(.text.Uart_Config)
    fputc                                    0x08000cd1   Thumb Code    14  debug.o(.text.fputc)
    main                                     0x08000ce1   Thumb Code    56  main.o(.text.main)
    Region$$Table$$Base                      0x08000d2c   Number         0  anon$$obj.o(Region$$Table)
    Region$$Table$$Limit                     0x08000d3c   Number         0  anon$$obj.o(Region$$Table)
    __libspace_start                         0x20000000   Data          96  libspace.o(.bss)
    __stdout                                 0x20000060   Data          84  debug.o(.bss.__stdout)
    __temporary_stack_top$libspace           0x20000060   Data           0  libspace.o(.bss)
    adc_value                                0x200000b4   Data           2  main.o(.bss.adc_value)



==============================================================================

Memory Map of the image

  Image Entry point : 0x080000ed

  Load Region LR_IROM1 (Base: 0x08000000, Size: 0x00000d3c, Max: 0x00010000, ABSOLUTE)

    Execution Region ER_IROM1 (Exec base: 0x08000000, Load base: 0x08000000, Size: 0x00000d3c, Max: 0x00010000, ABSOLUTE)

    Exec Addr    Load Addr    Size         Type   Attr      Idx    E Section Name        Object

    0x08000000   0x08000000   0x000000ec   Data   RO          441    RESET               startup_stm32f10x_md.o
    0x080000ec   0x080000ec   0x00000008   Code   RO          504  * !!!main             c_w.l(__main.o)
    0x080000f4   0x080000f4   0x00000034   Code   RO          680    !!!scatter          c_w.l(__scatter.o)
    0x08000128   0x08000128   0x0000001c   Code   RO          682    !!handler_zi        c_w.l(__scatter_zi.o)
    0x08000144   0x08000144   0x00000000   Code   RO          497    .ARM.Collect$$_printf_percent$$00000000  c_w.l(_printf_percent.o)
    0x08000144   0x08000144   0x00000006   Code   RO          496    .ARM.Collect$$_printf_percent$$0000000A  c_w.l(_printf_u.o)
    0x0800014a   0x0800014a   0x00000004   Code   RO          511    .ARM.Collect$$_printf_percent$$00000017  c_w.l(_printf_percent_end.o)
    0x0800014e   0x0800014e   0x00000002   Code   RO          544    .ARM.Collect$$libinit$$00000000  c_w.l(libinit.o)
    0x08000150   0x08000150   0x00000000   Code   RO          551    .ARM.Collect$$libinit$$00000002  c_w.l(libinit2.o)
    0x08000150   0x08000150   0x00000000   Code   RO          553    .ARM.Collect$$libinit$$00000004  c_w.l(libinit2.o)
    0x08000150   0x08000150   0x00000000   Code   RO          556    .ARM.Collect$$libinit$$0000000A  c_w.l(libinit2.o)
    0x08000150   0x08000150   0x00000000   Code   RO          558    .ARM.Collect$$libinit$$0000000C  c_w.l(libinit2.o)
    0x08000150   0x08000150   0x00000000   Code   RO          560    .ARM.Collect$$libinit$$0000000E  c_w.l(libinit2.o)
    0x08000150   0x08000150   0x00000000   Code   RO          563    .ARM.Collect$$libinit$$00000011  c_w.l(libinit2.o)
    0x08000150   0x08000150   0x00000000   Code   RO          565    .ARM.Collect$$libinit$$00000013  c_w.l(libinit2.o)
    0x08000150   0x08000150   0x00000000   Code   RO          567    .ARM.Collect$$libinit$$00000015  c_w.l(libinit2.o)
    0x08000150   0x08000150   0x00000000   Code   RO          569    .ARM.Collect$$libinit$$00000017  c_w.l(libinit2.o)
    0x08000150   0x08000150   0x00000000   Code   RO          571    .ARM.Collect$$libinit$$00000019  c_w.l(libinit2.o)
    0x08000150   0x08000150   0x00000000   Code   RO          573    .ARM.Collect$$libinit$$0000001B  c_w.l(libinit2.o)
    0x08000150   0x08000150   0x00000000   Code   RO          575    .ARM.Collect$$libinit$$0000001D  c_w.l(libinit2.o)
    0x08000150   0x08000150   0x00000000   Code   RO          577    .ARM.Collect$$libinit$$0000001F  c_w.l(libinit2.o)
    0x08000150   0x08000150   0x00000000   Code   RO          579    .ARM.Collect$$libinit$$00000021  c_w.l(libinit2.o)
    0x08000150   0x08000150   0x00000000   Code   RO          581    .ARM.Collect$$libinit$$00000023  c_w.l(libinit2.o)
    0x08000150   0x08000150   0x00000000   Code   RO          583    .ARM.Collect$$libinit$$00000025  c_w.l(libinit2.o)
    0x08000150   0x08000150   0x00000000   Code   RO          587    .ARM.Collect$$libinit$$0000002C  c_w.l(libinit2.o)
    0x08000150   0x08000150   0x00000000   Code   RO          589    .ARM.Collect$$libinit$$0000002E  c_w.l(libinit2.o)
    0x08000150   0x08000150   0x00000000   Code   RO          591    .ARM.Collect$$libinit$$00000030  c_w.l(libinit2.o)
    0x08000150   0x08000150   0x00000000   Code   RO          593    .ARM.Collect$$libinit$$00000032  c_w.l(libinit2.o)
    0x08000150   0x08000150   0x00000002   Code   RO          594    .ARM.Collect$$libinit$$00000033  c_w.l(libinit2.o)
    0x08000152   0x08000152   0x00000002   Code   RO          616    .ARM.Collect$$libshutdown$$00000000  c_w.l(libshutdown.o)
    0x08000154   0x08000154   0x00000000   Code   RO          631    .ARM.Collect$$libshutdown$$00000002  c_w.l(libshutdown2.o)
    0x08000154   0x08000154   0x00000000   Code   RO          633    .ARM.Collect$$libshutdown$$00000004  c_w.l(libshutdown2.o)
    0x08000154   0x08000154   0x00000000   Code   RO          636    .ARM.Collect$$libshutdown$$00000007  c_w.l(libshutdown2.o)
    0x08000154   0x08000154   0x00000000   Code   RO          639    .ARM.Collect$$libshutdown$$0000000A  c_w.l(libshutdown2.o)
    0x08000154   0x08000154   0x00000000   Code   RO          641    .ARM.Collect$$libshutdown$$0000000C  c_w.l(libshutdown2.o)
    0x08000154   0x08000154   0x00000000   Code   RO          644    .ARM.Collect$$libshutdown$$0000000F  c_w.l(libshutdown2.o)
    0x08000154   0x08000154   0x00000002   Code   RO          645    .ARM.Collect$$libshutdown$$00000010  c_w.l(libshutdown2.o)
    0x08000156   0x08000156   0x00000000   Code   RO          506    .ARM.Collect$$rtentry$$00000000  c_w.l(__rtentry.o)
    0x08000156   0x08000156   0x00000000   Code   RO          513    .ARM.Collect$$rtentry$$00000002  c_w.l(__rtentry2.o)
    0x08000156   0x08000156   0x00000006   Code   RO          525    .ARM.Collect$$rtentry$$00000004  c_w.l(__rtentry4.o)
    0x0800015c   0x0800015c   0x00000000   Code   RO          515    .ARM.Collect$$rtentry$$00000009  c_w.l(__rtentry2.o)
    0x0800015c   0x0800015c   0x00000004   Code   RO          516    .ARM.Collect$$rtentry$$0000000A  c_w.l(__rtentry2.o)
    0x08000160   0x08000160   0x00000000   Code   RO          518    .ARM.Collect$$rtentry$$0000000C  c_w.l(__rtentry2.o)
    0x08000160   0x08000160   0x00000008   Code   RO          519    .ARM.Collect$$rtentry$$0000000D  c_w.l(__rtentry2.o)
    0x08000168   0x08000168   0x00000002   Code   RO          548    .ARM.Collect$$rtexit$$00000000  c_w.l(rtexit.o)
    0x0800016a   0x0800016a   0x00000000   Code   RO          596    .ARM.Collect$$rtexit$$00000002  c_w.l(rtexit2.o)
    0x0800016a   0x0800016a   0x00000004   Code   RO          597    .ARM.Collect$$rtexit$$00000003  c_w.l(rtexit2.o)
    0x0800016e   0x0800016e   0x00000006   Code   RO          598    .ARM.Collect$$rtexit$$00000004  c_w.l(rtexit2.o)
    0x08000174   0x08000174   0x00000040   Code   RO          442    .text               startup_stm32f10x_md.o
    0x080001b4   0x080001b4   0x00000018   Code   RO          470    .text               c_w.l(noretval__2printf.o)
    0x080001cc   0x080001cc   0x00000068   Code   RO          472    .text               c_w.l(__printf.o)
    0x08000234   0x08000234   0x00000078   Code   RO          474    .text               c_w.l(_printf_dec.o)
    0x080002ac   0x080002ac   0x0000002c   Code   RO          498    .text               c_w.l(puts.o)
    0x080002d8   0x080002d8   0x00000006   Code   RO          502    .text               c_w.l(heapauxi.o)
    0x080002de   0x080002de   0x000000b2   Code   RO          507    .text               c_w.l(_printf_intcommon.o)
    0x08000390   0x08000390   0x00000024   Code   RO          509    .text               c_w.l(_printf_char_file.o)
    0x080003b4   0x080003b4   0x00000030   Code   RO          527    .text               c_w.l(_printf_char_common.o)
    0x080003e4   0x080003e4   0x00000008   Code   RO          529    .text               c_w.l(ferror.o)
    0x080003ec   0x080003ec   0x0000004a   Code   RO          533    .text               c_w.l(sys_stackheap_outer.o)
    0x08000436   0x08000436   0x00000012   Code   RO          537    .text               c_w.l(exit.o)
    0x08000448   0x08000448   0x00000008   Code   RO          545    .text               c_w.l(libspace.o)
    0x08000450   0x08000450   0x0000000c   Code   RO          606    .text               c_w.l(sys_exit.o)
    0x0800045c   0x0800045c   0x00000002   Code   RO          621    .text               c_w.l(use_no_semi.o)
    0x0800045e   0x0800045e   0x00000000   Code   RO          623    .text               c_w.l(indicate_semi.o)
    0x0800045e   0x0800045e   0x00000002   PAD
    0x08000460   0x08000460   0x00000030   Code   RO           16    .text.ADC1_2_IRQHandler  main.o
    0x08000490   0x08000490   0x000000ac   Code   RO            8    .text.Cauhinh_ADC1_Continuous_Mode  main.o
    0x0800053c   0x0800053c   0x00000058   Code   RO            6    .text.Cauhinh_DMA   main.o
    0x08000594   0x08000594   0x00000044   Code   RO            4    .text.Cauhinh_Gpio  main.o
    0x080005d8   0x080005d8   0x0000001e   Code   RO           10    .text.Cauhinh_NVIC  main.o
    0x080005f6   0x080005f6   0x00000002   PAD
    0x080005f8   0x080005f8   0x00000002   Code   RO          387    .text.DMA1_Channel1_Event  dma_stm32f10x.o
    0x080005fa   0x080005fa   0x00000002   PAD
    0x080005fc   0x080005fc   0x00000016   Code   RO          401    .text.DMA1_Channel1_IRQHandler  dma_stm32f10x.o
    0x08000612   0x08000612   0x00000002   PAD
    0x08000614   0x08000614   0x00000002   Code   RO          389    .text.DMA1_Channel2_Event  dma_stm32f10x.o
    0x08000616   0x08000616   0x00000002   PAD
    0x08000618   0x08000618   0x00000018   Code   RO          403    .text.DMA1_Channel2_IRQHandler  dma_stm32f10x.o
    0x08000630   0x08000630   0x00000002   Code   RO          391    .text.DMA1_Channel3_Event  dma_stm32f10x.o
    0x08000632   0x08000632   0x00000002   PAD
    0x08000634   0x08000634   0x00000018   Code   RO          405    .text.DMA1_Channel3_IRQHandler  dma_stm32f10x.o
    0x0800064c   0x0800064c   0x00000002   Code   RO          393    .text.DMA1_Channel4_Event  dma_stm32f10x.o
    0x0800064e   0x0800064e   0x00000002   PAD
    0x08000650   0x08000650   0x00000018   Code   RO          407    .text.DMA1_Channel4_IRQHandler  dma_stm32f10x.o
    0x08000668   0x08000668   0x00000002   Code   RO          395    .text.DMA1_Channel5_Event  dma_stm32f10x.o
    0x0800066a   0x0800066a   0x00000002   PAD
    0x0800066c   0x0800066c   0x00000018   Code   RO          409    .text.DMA1_Channel5_IRQHandler  dma_stm32f10x.o
    0x08000684   0x08000684   0x00000002   Code   RO          397    .text.DMA1_Channel6_Event  dma_stm32f10x.o
    0x08000686   0x08000686   0x00000002   PAD
    0x08000688   0x08000688   0x00000018   Code   RO          411    .text.DMA1_Channel6_IRQHandler  dma_stm32f10x.o
    0x080006a0   0x080006a0   0x00000002   Code   RO          399    .text.DMA1_Channel7_Event  dma_stm32f10x.o
    0x080006a2   0x080006a2   0x00000002   PAD
    0x080006a4   0x080006a4   0x00000018   Code   RO          413    .text.DMA1_Channel7_IRQHandler  dma_stm32f10x.o
    0x080006bc   0x080006bc   0x0000002c   Code   RO           44    .text.Delay_Sys     delay.o
    0x080006e8   0x080006e8   0x00000028   Code   RO           46    .text.Delay_Sys_us  delay.o
    0x08000710   0x08000710   0x000000b0   Code   RO          197    .text.GPIO_Init     stm32f10x_gpio.o
    0x080007c0   0x080007c0   0x00000074   Code   RO          223    .text.GPIO_PinRemapConfig  stm32f10x_gpio.o
    0x08000834   0x08000834   0x000000d4   Code   RO           56    .text.Gpio_Config   gpio.o
    0x08000908   0x08000908   0x0000005e   Code   RO           67    .text.NVIC_Init     misc.o
    0x08000966   0x08000966   0x00000002   PAD
    0x08000968   0x08000968   0x00000014   Code   RO           65    .text.NVIC_PriorityGroupConfig  misc.o
    0x0800097c   0x0800097c   0x00000018   Code   RO          281    .text.RCC_APB2PeriphClockCmd  stm32f10x_rcc.o
    0x08000994   0x08000994   0x000000a0   Code   RO          277    .text.RCC_GetClocksFreq  stm32f10x_rcc.o
    0x08000a34   0x08000a34   0x00000022   Code   RO           29    .text.SendChar      debug.o
    0x08000a56   0x08000a56   0x00000002   PAD
    0x08000a58   0x08000a58   0x00000008   Code   RO          451    .text.SetSysClock   system_stm32f10x.o
    0x08000a60   0x08000a60   0x000000be   Code   RO          455    .text.SetSysClockTo72  system_stm32f10x.o
    0x08000b1e   0x08000b1e   0x00000002   PAD
    0x08000b20   0x08000b20   0x00000056   Code   RO          449    .text.SystemInit    system_stm32f10x.o
    0x08000b76   0x08000b76   0x00000002   PAD
    0x08000b78   0x08000b78   0x00000012   Code   RO          321    .text.USART_Cmd     stm32f10x_usart.o
    0x08000b8a   0x08000b8a   0x00000002   PAD
    0x08000b8c   0x08000b8c   0x0000000a   Code   RO          361    .text.USART_GetFlagStatus  stm32f10x_usart.o
    0x08000b96   0x08000b96   0x00000002   PAD
    0x08000b98   0x08000b98   0x0000002e   Code   RO          323    .text.USART_ITConfig  stm32f10x_usart.o
    0x08000bc6   0x08000bc6   0x00000002   PAD
    0x08000bc8   0x08000bc8   0x000000b2   Code   RO          313    .text.USART_Init    stm32f10x_usart.o
    0x08000c7a   0x08000c7a   0x00000002   PAD
    0x08000c7c   0x08000c7c   0x00000008   Code   RO          337    .text.USART_SendData  stm32f10x_usart.o
    0x08000c84   0x08000c84   0x0000004a   Code   RO           31    .text.Uart_Config   debug.o
    0x08000cce   0x08000cce   0x00000002   PAD
    0x08000cd0   0x08000cd0   0x0000000e   Code   RO           27    .text.fputc         debug.o
    0x08000cde   0x08000cde   0x00000002   PAD
    0x08000ce0   0x08000ce0   0x00000038   Code   RO            2    .text.main          main.o
    0x08000d18   0x08000d18   0x00000004   Data   RO          302    .rodata.ADCPrescTable  stm32f10x_rcc.o
    0x08000d1c   0x08000d1c   0x00000010   Data   RO          301    .rodata.APBAHBPrescTable  stm32f10x_rcc.o
    0x08000d2c   0x08000d2c   0x00000010   Data   RO          679    Region$$Table       anon$$obj.o


    Execution Region RW_IRAM1 (Exec base: 0x20000000, Load base: 0x08000d3c, Size: 0x000006b8, Max: 0x00005000, ABSOLUTE)

    Exec Addr    Load Addr    Size         Type   Attr      Idx    E Section Name        Object

    0x20000000        -       0x00000060   Zero   RW          546    .bss                c_w.l(libspace.o)
    0x20000060        -       0x00000054   Zero   RW           35    .bss.__stdout       debug.o
    0x200000b4        -       0x00000002   Zero   RW           18    .bss.adc_value      main.o
    0x200000b6   0x08000d3c   0x00000002   PAD
    0x200000b8        -       0x00000200   Zero   RW          440    HEAP                startup_stm32f10x_md.o
    0x200002b8        -       0x00000400   Zero   RW          439    STACK               startup_stm32f10x_md.o


==============================================================================

Image component sizes


      Code (inc. data)   RO Data    RW Data    ZI Data      Debug   Object Name

       122          0          0          0         84       2333   debug.o
        84          0          0          0          0       1031   delay.o
       180          0          0          0          0       5996   dma_stm32f10x.o
       212          0          0          0          0       1787   gpio.o
       462         16          0          0          2       4276   main.o
       114          0          0          0          0       3514   misc.o
        64         26        236          0       1536        824   startup_stm32f10x_md.o
       292          0          0          0          0       5890   stm32f10x_gpio.o
       184          0         20          0          0       7706   stm32f10x_rcc.o
       260          0          0          0          0       7980   stm32f10x_usart.o
       284          0          0          0          0       2812   system_stm32f10x.o

    ----------------------------------------------------------------------
      2296         42        272          0       1624      44149   Object Totals
         0          0         16          0          0          0   (incl. Generated)
        38          0          0          0          2          0   (incl. Padding)

    ----------------------------------------------------------------------

      Code (inc. data)   RO Data    RW Data    ZI Data      Debug   Library Member Name

         8          0          0          0          0         68   __main.o
       104          0          0          0          0         84   __printf.o
         0          0          0          0          0          0   __rtentry.o
        12          0          0          0          0          0   __rtentry2.o
         6          0          0          0          0          0   __rtentry4.o
        52          8          0          0          0          0   __scatter.o
        28          0          0          0          0          0   __scatter_zi.o
        48          6          0          0          0         96   _printf_char_common.o
        36          4          0          0          0         80   _printf_char_file.o
       120         16          0          0          0         92   _printf_dec.o
       178          0          0          0          0         88   _printf_intcommon.o
         0          0          0          0          0          0   _printf_percent.o
         4          0          0          0          0          0   _printf_percent_end.o
         6          0          0          0          0          0   _printf_u.o
        18          0          0          0          0         80   exit.o
         8          0          0          0          0         68   ferror.o
         6          0          0          0          0        152   heapauxi.o
         0          0          0          0          0          0   indicate_semi.o
         2          0          0          0          0          0   libinit.o
         2          0          0          0          0          0   libinit2.o
         2          0          0          0          0          0   libshutdown.o
         2          0          0          0          0          0   libshutdown2.o
         8          4          0          0         96         68   libspace.o
        24          4          0          0          0         84   noretval__2printf.o
        44          4          0          0          0         84   puts.o
         2          0          0          0          0          0   rtexit.o
        10          0          0          0          0          0   rtexit2.o
        12          4          0          0          0         68   sys_exit.o
        74          0          0          0          0         80   sys_stackheap_outer.o
         2          0          0          0          0         68   use_no_semi.o

    ----------------------------------------------------------------------
       820         50          0          0         96       1260   Library Totals
         2          0          0          0          0          0   (incl. Padding)

    ----------------------------------------------------------------------

      Code (inc. data)   RO Data    RW Data    ZI Data      Debug   Library Name

       818         50          0          0         96       1260   c_w.l

    ----------------------------------------------------------------------
       820         50          0          0         96       1260   Library Totals

    ----------------------------------------------------------------------

==============================================================================


      Code (inc. data)   RO Data    RW Data    ZI Data      Debug   

      3116         92        272          0       1720      44673   Grand Totals
      3116         92        272          0       1720      44673   ELF Image Totals
      3116         92        272          0          0          0   ROM Totals

==============================================================================

    Total RO  Size (Code + RO Data)                 3388 (   3.31kB)
    Total RW  Size (RW Data + ZI Data)              1720 (   1.68kB)
    Total ROM Size (Code + RO Data + RW Data)       3388 (   3.31kB)

==============================================================================

